./CubismApps/tools/CubismZ/CubismApps/Tests/dat22ch/makefiles/compdat.c
./CubismApps/tools/CubismZ/CubismApps/Tests/hdf2ch/ch2diff.c
./CubismApps/tools/CubismZ/CubismApps/tools/ISABELA-compress-0.2.1/apps/example_file/file_compress.c
./CubismApps/tools/CubismZ/CubismApps/tools/ISABELA-compress-0.2.1/apps/simple/file_compress.c
./CubismApps/tools/CubismZ/CubismApps/tools/ISABELA-compress-0.2.1/apps/simple/simple.c
./CubismApps/tools/CubismZ/CubismApps/tools/ISABELA-compress-0.2.1/src/bitstream.c
./CubismApps/tools/CubismZ/CubismApps/tools/ISABELA-compress-0.2.1/src/compressor_zlib_routines.c
./CubismApps/tools/CubismZ/CubismApps/tools/ISABELA-compress-0.2.1/src/error.c
./CubismApps/tools/CubismZ/CubismApps/tools/ISABELA-compress-0.2.1/src/isabela.c
./CubismApps/tools/CubismZ/CubismApps/tools/ISABELA-compress-0.2.1/src/isabela_double.c
./CubismApps/tools/CubismZ/CubismApps/tools/ISABELA-compress-0.2.1/src/isabela_float.c
./CubismApps/tools/CubismZ/CubismApps/tools/ISABELA-compress-0.2.1/src/utils.c
./CubismApps/tools/CubismZ/CubismApps/tools/ISABELA-compress-0.2.1/tests/test_error_encoding.c
./CubismApps/tools/CubismZ/CubismApps/tools/ISABELA-compress-0.2.1/tests/test_precision.c
./CubismApps/tools/CubismZ/CubismApps/tools/ISABELA-compress-0.2.1/wavelets/haar.c
./CubismApps/tools/CubismZ/CubismApps/tools/ISABELA-compress-0.2.1/wavelets/wavelets.c
./CubismApps/tools/CubismZ/CubismApps/tools/ch2dat/3dto1d.c
./CubismApps/tools/CubismZ/CubismApps/tools/ch2dat/compdat.c
./CubismApps/tools/CubismZ/CubismApps/tools/fpc/fpc.c
./CubismApps/tools/CubismZ/CubismApps/tools/fpc/main.c
./CubismApps/tools/CubismZ/CubismApps/tools/fpzip-1.1.0/examples/testfpzip.c
./CubismApps/tools/CubismZ/CubismApps/tools/lz4/lz4.c
./CubismApps/tools/CubismZ/CubismApps/tools/lzf/lzf.c
./CubismApps/tools/CubismZ/CubismApps/tools/lzf/lzf_c.c
./CubismApps/tools/CubismZ/CubismApps/tools/lzf/lzf_d.c
./CubismApps/tools/CubismZ/CubismApps/tools/spdp/spdp_10.c
./CubismApps/tools/CubismZ/CubismApps/tools/sz-1.4.8-beta/example/testdouble_batch_compress.c
./CubismApps/tools/CubismZ/CubismApps/tools/sz-1.4.8-beta/example/testdouble_compress.c
./CubismApps/tools/CubismZ/CubismApps/tools/sz-1.4.8-beta/example/testdouble_decompress.c
./CubismApps/tools/CubismZ/CubismApps/tools/sz-1.4.8-beta/example/testfloat_batch_compress.c
./CubismApps/tools/CubismZ/CubismApps/tools/sz-1.4.8-beta/example/testfloat_compress.c
./CubismApps/tools/CubismZ/CubismApps/tools/sz-1.4.8-beta/example/testfloat_decompress.c
./CubismApps/tools/CubismZ/CubismApps/tools/sz-1.4.8-beta/sz/src/ByteToolkit.c
./CubismApps/tools/CubismZ/CubismApps/tools/sz-1.4.8-beta/sz/src/CompressElement.c
./CubismApps/tools/CubismZ/CubismApps/tools/sz-1.4.8-beta/sz/src/DynamicByteArray.c
./CubismApps/tools/CubismZ/CubismApps/tools/sz-1.4.8-beta/sz/src/DynamicDoubleArray.c
./CubismApps/tools/CubismZ/CubismApps/tools/sz-1.4.8-beta/sz/src/DynamicFloatArray.c
./CubismApps/tools/CubismZ/CubismApps/tools/sz-1.4.8-beta/sz/src/DynamicIntArray.c
./CubismApps/tools/CubismZ/CubismApps/tools/sz-1.4.8-beta/sz/src/Huffman.c
./CubismApps/tools/CubismZ/CubismApps/tools/sz-1.4.8-beta/sz/src/TightDataPointStorageD.c
./CubismApps/tools/CubismZ/CubismApps/tools/sz-1.4.8-beta/sz/src/TightDataPointStorageF.c
./CubismApps/tools/CubismZ/CubismApps/tools/sz-1.4.8-beta/sz/src/TypeManager.c
./CubismApps/tools/CubismZ/CubismApps/tools/sz-1.4.8-beta/sz/src/VarSet.c
./CubismApps/tools/CubismZ/CubismApps/tools/sz-1.4.8-beta/sz/src/conf.c
./CubismApps/tools/CubismZ/CubismApps/tools/sz-1.4.8-beta/sz/src/dataCompression.c
./CubismApps/tools/CubismZ/CubismApps/tools/sz-1.4.8-beta/sz/src/dictionary.c
./CubismApps/tools/CubismZ/CubismApps/tools/sz-1.4.8-beta/sz/src/iniparser.c
./CubismApps/tools/CubismZ/CubismApps/tools/sz-1.4.8-beta/sz/src/rw.c
./CubismApps/tools/CubismZ/CubismApps/tools/sz-1.4.8-beta/sz/src/rwf.c
./CubismApps/tools/CubismZ/CubismApps/tools/sz-1.4.8-beta/sz/src/sz.c
./CubismApps/tools/CubismZ/CubismApps/tools/sz-1.4.8-beta/sz/src/sz_double.c
./CubismApps/tools/CubismZ/CubismApps/tools/sz-1.4.8-beta/sz/src/sz_float.c
./CubismApps/tools/CubismZ/CubismApps/tools/sz-1.4.8-beta/sz/src/szf.c
./CubismApps/tools/CubismZ/CubismApps/tools/sz-1.4.8-beta/sz/src/test_zlib.c
./CubismApps/tools/CubismZ/CubismApps/tools/sz-1.4.8-beta/zlib/adler32.c
./CubismApps/tools/CubismZ/CubismApps/tools/sz-1.4.8-beta/zlib/compress.c
./CubismApps/tools/CubismZ/CubismApps/tools/sz-1.4.8-beta/zlib/crc32.c
./CubismApps/tools/CubismZ/CubismApps/tools/sz-1.4.8-beta/zlib/deflate.c
./CubismApps/tools/CubismZ/CubismApps/tools/sz-1.4.8-beta/zlib/gzclose.c
./CubismApps/tools/CubismZ/CubismApps/tools/sz-1.4.8-beta/zlib/gzlib.c
./CubismApps/tools/CubismZ/CubismApps/tools/sz-1.4.8-beta/zlib/gzread.c
./CubismApps/tools/CubismZ/CubismApps/tools/sz-1.4.8-beta/zlib/gzwrite.c
./CubismApps/tools/CubismZ/CubismApps/tools/sz-1.4.8-beta/zlib/infback.c
./CubismApps/tools/CubismZ/CubismApps/tools/sz-1.4.8-beta/zlib/inffast.c
./CubismApps/tools/CubismZ/CubismApps/tools/sz-1.4.8-beta/zlib/inflate.c
./CubismApps/tools/CubismZ/CubismApps/tools/sz-1.4.8-beta/zlib/inftrees.c
./CubismApps/tools/CubismZ/CubismApps/tools/sz-1.4.8-beta/zlib/trees.c
./CubismApps/tools/CubismZ/CubismApps/tools/sz-1.4.8-beta/zlib/uncompr.c
./CubismApps/tools/CubismZ/CubismApps/tools/sz-1.4.8-beta/zlib/zutil.c
./CubismApps/tools/CubismZ/CubismApps/tools/vp2bin/compbin.c
./CubismApps/tools/CubismZ/CubismApps/tools/vp2bin/diffbin.c
./CubismApps/tools/CubismZ/CubismApps/tools/vp2bin/printbin.c
./CubismApps/tools/CubismZ/CubismApps/tools/vp2bin/testbin.c
./CubismApps/tools/CubismZ/CubismApps/tools/vp2bin/testdiff.c
./CubismApps/tools/CubismZ/CubismApps/tools/vp2bin/tests/readb.c
./CubismApps/tools/CubismZ/CubismApps/tools/zfp-0.5.0/examples/fields.c
./CubismApps/tools/CubismZ/CubismApps/tools/zfp-0.5.0/examples/pgm.c
./CubismApps/tools/CubismZ/CubismApps/tools/zfp-0.5.0/examples/simple.c
./CubismApps/tools/CubismZ/CubismApps/tools/zfp-0.5.0/examples/simple0.c
./CubismApps/tools/CubismZ/CubismApps/tools/zfp-0.5.0/examples/speed.c
./CubismApps/tools/CubismZ/CubismApps/tools/zfp-0.5.0/examples/zfp.c
./CubismApps/tools/CubismZ/CubismApps/tools/zfp-0.5.0/src/bitstream.c
./CubismApps/tools/CubismZ/CubismApps/tools/zfp-0.5.0/src/decode1d.c
./CubismApps/tools/CubismZ/CubismApps/tools/zfp-0.5.0/src/decode1f.c
./CubismApps/tools/CubismZ/CubismApps/tools/zfp-0.5.0/src/decode2d.c
./CubismApps/tools/CubismZ/CubismApps/tools/zfp-0.5.0/src/decode2f.c
./CubismApps/tools/CubismZ/CubismApps/tools/zfp-0.5.0/src/decode3d.c
./CubismApps/tools/CubismZ/CubismApps/tools/zfp-0.5.0/src/decode3f.c
./CubismApps/tools/CubismZ/CubismApps/tools/zfp-0.5.0/src/encode1d.c
./CubismApps/tools/CubismZ/CubismApps/tools/zfp-0.5.0/src/encode1f.c
./CubismApps/tools/CubismZ/CubismApps/tools/zfp-0.5.0/src/encode2d.c
./CubismApps/tools/CubismZ/CubismApps/tools/zfp-0.5.0/src/encode2f.c
./CubismApps/tools/CubismZ/CubismApps/tools/zfp-0.5.0/src/encode3d.c
./CubismApps/tools/CubismZ/CubismApps/tools/zfp-0.5.0/src/encode3f.c
./CubismApps/tools/CubismZ/CubismApps/tools/zfp-0.5.0/src/inline/bitstream.c
./CubismApps/tools/CubismZ/CubismApps/tools/zfp-0.5.0/src/template/codec1.c
./CubismApps/tools/CubismZ/CubismApps/tools/zfp-0.5.0/src/template/codec2.c
./CubismApps/tools/CubismZ/CubismApps/tools/zfp-0.5.0/src/template/codec3.c
./CubismApps/tools/CubismZ/CubismApps/tools/zfp-0.5.0/src/template/compress.c
./CubismApps/tools/CubismZ/CubismApps/tools/zfp-0.5.0/src/template/decode.c
./CubismApps/tools/CubismZ/CubismApps/tools/zfp-0.5.0/src/template/decode1.c
./CubismApps/tools/CubismZ/CubismApps/tools/zfp-0.5.0/src/template/decode2.c
./CubismApps/tools/CubismZ/CubismApps/tools/zfp-0.5.0/src/template/decode3.c
./CubismApps/tools/CubismZ/CubismApps/tools/zfp-0.5.0/src/template/decompress.c
./CubismApps/tools/CubismZ/CubismApps/tools/zfp-0.5.0/src/template/encode.c
./CubismApps/tools/CubismZ/CubismApps/tools/zfp-0.5.0/src/template/encode1.c
./CubismApps/tools/CubismZ/CubismApps/tools/zfp-0.5.0/src/template/encode2.c
./CubismApps/tools/CubismZ/CubismApps/tools/zfp-0.5.0/src/template/encode3.c
./CubismApps/tools/CubismZ/CubismApps/tools/zfp-0.5.0/src/zfp.c
./CubismApps/tools/CubismZ/CubismApps/tools/zopfli/mytest/mytest.c
./CubismApps/tools/CubismZ/CubismApps/tools/zopfli/src/zopfli/bin/zopfli_bin.c
./CubismApps/tools/CubismZ/CubismApps/tools/zopfli/src/zopfli/blocksplitter.c
./CubismApps/tools/CubismZ/CubismApps/tools/zopfli/src/zopfli/cache.c
./CubismApps/tools/CubismZ/CubismApps/tools/zopfli/src/zopfli/deflate.c
./CubismApps/tools/CubismZ/CubismApps/tools/zopfli/src/zopfli/gzip_container.c
./CubismApps/tools/CubismZ/CubismApps/tools/zopfli/src/zopfli/hash.c
./CubismApps/tools/CubismZ/CubismApps/tools/zopfli/src/zopfli/katajainen.c
./CubismApps/tools/CubismZ/CubismApps/tools/zopfli/src/zopfli/lz77.c
./CubismApps/tools/CubismZ/CubismApps/tools/zopfli/src/zopfli/mytest.c
./CubismApps/tools/CubismZ/CubismApps/tools/zopfli/src/zopfli/squeeze.c
./CubismApps/tools/CubismZ/CubismApps/tools/zopfli/src/zopfli/tree.c
./CubismApps/tools/CubismZ/CubismApps/tools/zopfli/src/zopfli/util.c
./CubismApps/tools/CubismZ/CubismApps/tools/zopfli/src/zopfli/zlib_container.c
./CubismApps/tools/CubismZ/CubismApps/tools/zopfli/src/zopfli/zopfli_lib.c
./CubismApps/tools/CubismZ/CubismApps/tools/zopfli/src/zopfli_lib/bin/zopfli_bin.c
./CubismApps/tools/CubismZ/CubismApps/tools/zopfli/src/zopfli_lib/blocksplitter.c
./CubismApps/tools/CubismZ/CubismApps/tools/zopfli/src/zopfli_lib/cache.c
./CubismApps/tools/CubismZ/CubismApps/tools/zopfli/src/zopfli_lib/deflate.c
./CubismApps/tools/CubismZ/CubismApps/tools/zopfli/src/zopfli_lib/gzip_container.c
./CubismApps/tools/CubismZ/CubismApps/tools/zopfli/src/zopfli_lib/hash.c
./CubismApps/tools/CubismZ/CubismApps/tools/zopfli/src/zopfli_lib/katajainen.c
./CubismApps/tools/CubismZ/CubismApps/tools/zopfli/src/zopfli_lib/lz77.c
./CubismApps/tools/CubismZ/CubismApps/tools/zopfli/src/zopfli_lib/squeeze.c
./CubismApps/tools/CubismZ/CubismApps/tools/zopfli/src/zopfli_lib/tree.c
./CubismApps/tools/CubismZ/CubismApps/tools/zopfli/src/zopfli_lib/util.c
./CubismApps/tools/CubismZ/CubismApps/tools/zopfli/src/zopfli_lib/zlib_container.c
./CubismApps/tools/CubismZ/CubismApps/tools/zopfli/src/zopfli_lib/zopfli_lib.c
./CubismApps/tools/CubismZ/CubismApps/tools/zstd-dev/contrib/educational_decoder/harness.c
./CubismApps/tools/CubismZ/CubismApps/tools/zstd-dev/contrib/educational_decoder/zstd_decompress.c
./CubismApps/tools/CubismZ/CubismApps/tools/zstd-dev/examples/multiple_streaming_compression.c
./CubismApps/tools/CubismZ/CubismApps/tools/zstd-dev/examples/simple_compression.c
./CubismApps/tools/CubismZ/CubismApps/tools/zstd-dev/examples/simple_decompression.c
./CubismApps/tools/CubismZ/CubismApps/tools/zstd-dev/examples/streaming_compression.c
./CubismApps/tools/CubismZ/CubismApps/tools/zstd-dev/examples/streaming_decompression.c
./CubismApps/tools/CubismZ/CubismApps/tools/zstd-dev/lib/common/entropy_common.c
./CubismApps/tools/CubismZ/CubismApps/tools/zstd-dev/lib/common/error_private.c
./CubismApps/tools/CubismZ/CubismApps/tools/zstd-dev/lib/common/fse_decompress.c
./CubismApps/tools/CubismZ/CubismApps/tools/zstd-dev/lib/common/pool.c
./CubismApps/tools/CubismZ/CubismApps/tools/zstd-dev/lib/common/threading.c
./CubismApps/tools/CubismZ/CubismApps/tools/zstd-dev/lib/common/xxhash.c
./CubismApps/tools/CubismZ/CubismApps/tools/zstd-dev/lib/common/zstd_common.c
./CubismApps/tools/CubismZ/CubismApps/tools/zstd-dev/lib/compress/fse_compress.c
./CubismApps/tools/CubismZ/CubismApps/tools/zstd-dev/lib/compress/huf_compress.c
./CubismApps/tools/CubismZ/CubismApps/tools/zstd-dev/lib/compress/zstd_compress.c
./CubismApps/tools/CubismZ/CubismApps/tools/zstd-dev/lib/compress/zstdmt_compress.c
./CubismApps/tools/CubismZ/CubismApps/tools/zstd-dev/lib/decompress/huf_decompress.c
./CubismApps/tools/CubismZ/CubismApps/tools/zstd-dev/lib/decompress/zstd_decompress.c
./CubismApps/tools/CubismZ/CubismApps/tools/zstd-dev/lib/deprecated/zbuff_common.c
./CubismApps/tools/CubismZ/CubismApps/tools/zstd-dev/lib/deprecated/zbuff_compress.c
./CubismApps/tools/CubismZ/CubismApps/tools/zstd-dev/lib/deprecated/zbuff_decompress.c
./CubismApps/tools/CubismZ/CubismApps/tools/zstd-dev/lib/dictBuilder/cover.c
./CubismApps/tools/CubismZ/CubismApps/tools/zstd-dev/lib/dictBuilder/divsufsort.c
./CubismApps/tools/CubismZ/CubismApps/tools/zstd-dev/lib/dictBuilder/zdict.c
./CubismApps/tools/CubismZ/CubismApps/tools/zstd-dev/lib/legacy/zstd_v01.c
./CubismApps/tools/CubismZ/CubismApps/tools/zstd-dev/lib/legacy/zstd_v02.c
./CubismApps/tools/CubismZ/CubismApps/tools/zstd-dev/lib/legacy/zstd_v03.c
./CubismApps/tools/CubismZ/CubismApps/tools/zstd-dev/lib/legacy/zstd_v04.c
./CubismApps/tools/CubismZ/CubismApps/tools/zstd-dev/lib/legacy/zstd_v05.c
./CubismApps/tools/CubismZ/CubismApps/tools/zstd-dev/lib/legacy/zstd_v06.c
./CubismApps/tools/CubismZ/CubismApps/tools/zstd-dev/lib/legacy/zstd_v07.c
./CubismApps/tools/CubismZ/CubismApps/tools/zstd-dev/mytest/mytest.c
./CubismApps/tools/CubismZ/CubismApps/tools/zstd-dev/mytest/mytest0.c
./CubismApps/tools/CubismZ/CubismApps/tools/zstd-dev/programs/bench.c
./CubismApps/tools/CubismZ/CubismApps/tools/zstd-dev/programs/datagen.c
./CubismApps/tools/CubismZ/CubismApps/tools/zstd-dev/programs/dibio.c
./CubismApps/tools/CubismZ/CubismApps/tools/zstd-dev/programs/fileio.c
./CubismApps/tools/CubismZ/CubismApps/tools/zstd-dev/programs/zstdcli.c
./CubismApps/tools/CubismZ/CubismApps/tools/zstd-dev/tests/datagencli.c
./CubismApps/tools/CubismZ/CubismApps/tools/zstd-dev/tests/fullbench.c
./CubismApps/tools/CubismZ/CubismApps/tools/zstd-dev/tests/fuzzer.c
./CubismApps/tools/CubismZ/CubismApps/tools/zstd-dev/tests/invalidDictionaries.c
./CubismApps/tools/CubismZ/CubismApps/tools/zstd-dev/tests/legacy.c
./CubismApps/tools/CubismZ/CubismApps/tools/zstd-dev/tests/longmatch.c
./CubismApps/tools/CubismZ/CubismApps/tools/zstd-dev/tests/namespaceTest.c
./CubismApps/tools/CubismZ/CubismApps/tools/zstd-dev/tests/paramgrill.c
./CubismApps/tools/CubismZ/CubismApps/tools/zstd-dev/tests/pool.c
./CubismApps/tools/CubismZ/CubismApps/tools/zstd-dev/tests/roundTripCrash.c
./CubismApps/tools/CubismZ/CubismApps/tools/zstd-dev/tests/symbols.c
./CubismApps/tools/CubismZ/CubismApps/tools/zstd-dev/tests/zbufftest.c
./CubismApps/tools/CubismZ/CubismApps/tools/zstd-dev/tests/zstreamtest.c
./CubismApps/tools/CubismZ/CubismApps/tools/zstd-dev/zlibWrapper/examples/example_original.c
./CubismApps/tools/CubismZ/CubismApps/tools/zstd-dev/zlibWrapper/examples/fitblk_original.c
./CubismApps/tools/CubismZ/CubismApps/tools/zstd-dev/zlibWrapper/examples/minigzip.c
./CubismApps/tools/CubismZ/CubismApps/tools/zstd-dev/zlibWrapper/gzclose.c
./CubismApps/tools/CubismZ/CubismApps/tools/zstd-dev/zlibWrapper/gzlib.c
./CubismApps/tools/CubismZ/CubismApps/tools/zstd-dev/zlibWrapper/gzread.c
./CubismApps/tools/CubismZ/CubismApps/tools/zstd-dev/zlibWrapper/gzwrite.c
./CubismApps/tools/CubismZ/CubismApps/tools/zstd-dev/zlibWrapper/zstd_zlibwrapper.c
./CubismApps/tools/histbin/gnuplot_i.c
./Cubism/source/Histogram.cpp
./Cubism/source/Profiler.cpp
./CubismApps/MPCFcluster/source/FlowStep_LSRK3MPI.cpp
./CubismApps/MPCFcluster/source/PoissonSolverScalarFFTW_MPI.cpp
./CubismApps/MPCFcluster/source/main.cpp
./CubismApps/MPCFcore/source/Convection_CPP.cpp
./CubismApps/MPCFcore/source/Convection_CPP_HLLC_5eq.cpp
./CubismApps/MPCFcore/source/Diffusion_CPP.cpp
./CubismApps/MPCFcore/source/DivSOA2D_QPX.cpp
./CubismApps/MPCFcore/source/DivTensor_CPP.cpp
./CubismApps/MPCFcore/source/HLLCSOA2D_QPX_5eq.cpp
./CubismApps/MPCFcore/source/InterfaceSharpening_CPP_5eq.cpp
./CubismApps/MPCFcore/source/InterfaceSharpening_CPP_cell_compact_5eq.cpp
./CubismApps/MPCFcore/source/MaxInterfaceVel_CPP_5eq.cpp
./CubismApps/MPCFcore/source/MaxSpeedOfSound.cpp
./CubismApps/MPCFcore/source/MaxSpeedOfSound_CPP_5eq.cpp
./CubismApps/MPCFcore/source/Source_CPP.cpp
./CubismApps/MPCFcore/source/SurfaceTension_CPP.cpp
./CubismApps/MPCFcore/source/Test_Convection.cpp
./CubismApps/MPCFcore/source/Update.cpp
./CubismApps/MPCFcore/source/Update_State_CPP_5eq.cpp
./CubismApps/MPCFcore/source/WenoSOA2D_QPX.cpp
./CubismApps/MPCFcore/source/main.cpp
./CubismApps/MPCFcore/source/Convection_CPP_HLLC_5eq_nonuniform.cpp
./CubismApps/MPCFnode/source/BoundaryGhostCells.cpp
./CubismApps/MPCFnode/source/FlowStep_LSRK3.cpp
./CubismApps/MPCFnode/source/Streamer.cpp
./CubismApps/MPCFnode/source/TestLabs.cpp
./CubismApps/MPCFnode/source/Types.cpp
./CubismApps/MPCFnode/source/VectorOperator.cpp
./CubismApps/MPCFnode/source/WaveletCompressor.cpp
./CubismApps/MPCFnode/source/main.cpp
./CubismApps/MPCFthread/source/main-weno.cpp
./CubismApps/MPCFthread/source/playground-qpx.cpp
./CubismApps/tools/CubismZ/CubismApps/Compressor/source/WaveletCompressor.cpp
./CubismApps/tools/CubismZ/CubismApps/Tests/basic_1ch/source/data_generator.cpp
./CubismApps/tools/CubismZ/CubismApps/Tests/basic_1ch/source/main.cpp
./CubismApps/tools/CubismZ/CubismApps/Tests/basic_2ch/source/data_generator.cpp
./CubismApps/tools/CubismZ/CubismApps/Tests/basic_2ch/source/main.cpp
./CubismApps/tools/CubismZ/CubismApps/Tests/dat22ch/makefiles/ch2dat.cpp
./CubismApps/tools/CubismZ/CubismApps/Tests/dat22ch/makefiles/dat2ch.cpp
./CubismApps/tools/CubismZ/CubismApps/Tests/dat22ch/makefiles/data_generator.cpp
./CubismApps/tools/CubismZ/CubismApps/Tests/dat22ch/source/data_generator.cpp
./CubismApps/tools/CubismZ/CubismApps/Tests/dat22ch/source/main.cpp
./CubismApps/tools/CubismZ/CubismApps/Tests/hdf2ch/main.cpp
./CubismApps/tools/CubismZ/CubismApps/Tests/init/source/main.cpp
./CubismApps/tools/CubismZ/CubismApps/Tests/sid_hybrid_1ch/reader/ngareader.cpp
./CubismApps/tools/CubismZ/CubismApps/Tests/sid_hybrid_1ch/reader/ngareader2.cpp
./CubismApps/tools/CubismZ/CubismApps/Tests/sid_hybrid_1ch/source/main.cpp
./CubismApps/tools/CubismZ/CubismApps/Tests/sid_small/source/main.cpp
./CubismApps/tools/CubismZ/CubismApps/tools/ISABELA-compress-0.2.1/bspline/BSpline.cpp
./CubismApps/tools/CubismZ/CubismApps/tools/ISABELA-compress-0.2.1/bspline/BSplineBase.cpp
./CubismApps/tools/CubismZ/CubismApps/tools/ISABELA-compress-0.2.1/bspline/BSplineLib.cpp
./CubismApps/tools/CubismZ/CubismApps/tools/ISABELA-compress-0.2.1/bspline/ReconstructClass.cpp
./CubismApps/tools/CubismZ/CubismApps/tools/ISABELA-compress-0.2.1/bspline/spline_fit.cpp
./CubismApps/tools/CubismZ/CubismApps/tools/ch2ch/main.cpp
./CubismApps/tools/CubismZ/CubismApps/tools/ch2ch/main_io.cpp
./CubismApps/tools/CubismZ/CubismApps/tools/ch2dat/main.cpp
./CubismApps/tools/CubismZ/CubismApps/tools/ch2diff/._main.cpp
./CubismApps/tools/CubismZ/CubismApps/tools/ch2diff/main.cpp
./CubismApps/tools/CubismZ/CubismApps/tools/ch2hdf/main.cpp
./CubismApps/tools/CubismZ/CubismApps/tools/ch2hdf/main_roi.cpp
./CubismApps/tools/CubismZ/CubismApps/tools/dataf/compdat.cpp
./CubismApps/tools/CubismZ/CubismApps/tools/dataf/compdat2.cpp
./CubismApps/tools/CubismZ/CubismApps/tools/dataf/printdat.cpp
./CubismApps/tools/CubismZ/CubismApps/tools/dataf/printdat_stride.cpp
./CubismApps/tools/CubismZ/CubismApps/tools/dataf/writedat.cpp
./CubismApps/tools/CubismZ/CubismApps/tools/fpc/wd.cpp
./CubismApps/tools/CubismZ/CubismApps/tools/fpzip-1.1.0/src/error.cpp
./CubismApps/tools/CubismZ/CubismApps/tools/fpzip-1.1.0/src/rcdecoder.cpp
./CubismApps/tools/CubismZ/CubismApps/tools/fpzip-1.1.0/src/rcencoder.cpp
./CubismApps/tools/CubismZ/CubismApps/tools/fpzip-1.1.0/src/rcqsmodel.cpp
./CubismApps/tools/CubismZ/CubismApps/tools/fpzip-1.1.0/src/read.cpp
./CubismApps/tools/CubismZ/CubismApps/tools/fpzip-1.1.0/src/write.cpp
./CubismApps/tools/CubismZ/CubismApps/tools/reader/main.cpp
./CubismApps/tools/CubismZ/CubismApps/tools/spdp/mytest.cpp
./CubismApps/tools/CubismZ/CubismApps/tools/vp2bin/main.cpp
./CubismApps/tools/CubismZ/CubismApps/tools/vp2bin/tests/testpar.cpp
./CubismApps/tools/CubismZ/CubismApps/tools/vpcachier/main.cpp
./CubismApps/tools/CubismZ/CubismApps/tools/zfp-0.5.0/examples/diffusion.cpp
./CubismApps/tools/CubismZ/CubismApps/tools/zfp-0.5.0/examples/testzfp.cpp
./CubismApps/tools/CubismZ/CubismApps/tools/zstd-dev/contrib/gen_html/gen_html.cpp
./CubismApps/tools/CubismZ/CubismApps/tools/zstd-dev/contrib/pzstd/Options.cpp
./CubismApps/tools/CubismZ/CubismApps/tools/zstd-dev/contrib/pzstd/Pzstd.cpp
./CubismApps/tools/CubismZ/CubismApps/tools/zstd-dev/contrib/pzstd/SkippableFrame.cpp
./CubismApps/tools/CubismZ/CubismApps/tools/zstd-dev/contrib/pzstd/main.cpp
./CubismApps/tools/CubismZ/CubismApps/tools/zstd-dev/contrib/pzstd/test/OptionsTest.cpp
./CubismApps/tools/CubismZ/CubismApps/tools/zstd-dev/contrib/pzstd/test/PzstdTest.cpp
./CubismApps/tools/CubismZ/CubismApps/tools/zstd-dev/contrib/pzstd/test/RoundTripTest.cpp
./CubismApps/tools/CubismZ/CubismApps/tools/zstd-dev/contrib/pzstd/utils/test/BufferTest.cpp
./CubismApps/tools/CubismZ/CubismApps/tools/zstd-dev/contrib/pzstd/utils/test/RangeTest.cpp
./CubismApps/tools/CubismZ/CubismApps/tools/zstd-dev/contrib/pzstd/utils/test/ResourcePoolTest.cpp
./CubismApps/tools/CubismZ/CubismApps/tools/zstd-dev/contrib/pzstd/utils/test/ScopeGuardTest.cpp
./CubismApps/tools/CubismZ/CubismApps/tools/zstd-dev/contrib/pzstd/utils/test/ThreadPoolTest.cpp
./CubismApps/tools/CubismZ/CubismApps/tools/zstd-dev/contrib/pzstd/utils/test/WorkQueueTest.cpp
./CubismApps/tools/fftw/FFTWBaseMPI.cpp
./CubismApps/tools/fftw/spectrum/eval_hit/evalHit.cpp
./CubismApps/tools/fftw/spectrum/main.cpp
./CubismApps/tools/histbin/bin2txt.cpp
./CubismApps/tools/histbin/chunked2ordered.cpp
./CubismApps/tools/histbin/cleanbin.cpp
./CubismApps/tools/histbin/gsl_histo.cpp
./CubismApps/tools/histbin/labload.cpp
./CubismApps/tools/histbin/printbin.cpp
./CubismApps/tools/histbin/printoutliers.cpp
./CubismApps/tools/icgenerator/ic_hit/caseHit.cpp
./CubismApps/tools/icgenerator/main.cpp
./Cubism/source/ArgumentParser.h
./Cubism/source/BlockInfo.h
./Cubism/source/BlockLab.h
./Cubism/source/BlockLabMPI.h
./Cubism/source/BlockProcessing.h
./Cubism/source/BlockProcessingMPI.h
./Cubism/source/DependencyCubeMPI.h
./Cubism/source/Grid.h
./Cubism/source/GridMPI.h
./Cubism/source/GridMorton.h
./Cubism/source/HDF5Dumper.h
./Cubism/source/HDF5Dumper_MPI.h
./Cubism/source/HDF5SliceDumper.h
./Cubism/source/HDF5SliceDumperMPI.h
./Cubism/source/Histogram.h
./Cubism/source/Indexers.h
./Cubism/source/LosslessCompression.h
./Cubism/source/Matrix3D.h
./Cubism/source/Matrix4D.h
./Cubism/source/MeshMap.h
./Cubism/source/PUPkernelsMPI.h
./Cubism/source/PlainBinDumper_MPI.h
./Cubism/source/Profiler.h
./Cubism/source/SerializerIO.h
./Cubism/source/SerializerIO_ImageVTK.h
./Cubism/source/SerializerIO_VP.h
./Cubism/source/StencilInfo.h
./Cubism/source/SynchronizerMPI.h
./Cubism/source/Timer.h
./Cubism/source/ZBinDumper.h
./Cubism/source/ZBinDumper_MPI.h
./CubismApps/MPCFcluster/source/BlockProcessor_MPI.h
./CubismApps/MPCFcluster/source/CompressionEncoders.h
./CubismApps/MPCFcluster/source/FlowStep_LSRK3MPI.h
./CubismApps/MPCFcluster/source/MPI_GridTransfer.h
./CubismApps/MPCFcluster/source/OutputProcessingMPI.h
./CubismApps/MPCFcluster/source/ParIO.h
./CubismApps/MPCFcluster/source/PoissonSolverScalarFFTW_MPI.h
./CubismApps/MPCFcluster/source/PoissonSolverVectorFFTW_MPI.h
./CubismApps/MPCFcluster/source/SerializerIO_WaveletCompression_MPI_Simple.h
./CubismApps/MPCFcluster/source/StatisticsMPI.h
./CubismApps/MPCFcluster/source/StatisticsMPI_MultiPhase.h
./CubismApps/MPCFcluster/source/StatisticsMPI_SPTurbulent.h
./CubismApps/MPCFcluster/source/StatisticsMPI_SinglePhase.h
./CubismApps/MPCFcluster/source/Test_ChannelFlowMPI.h
./CubismApps/MPCFcluster/source/Test_CloudMPI.h
./CubismApps/MPCFcluster/source/Test_SICCloudMPI.h
./CubismApps/MPCFcluster/source/Test_SteadyStateMPI.h
./CubismApps/MPCFcluster/source/VectorCalculusMPI.h
./CubismApps/MPCFcluster/source/WaveletSerializationTypes.h
./CubismApps/MPCFcluster/source/Test_CloudAcousticMPI.h
./CubismApps/MPCFcore/source/Convection_CPP.h
./CubismApps/MPCFcore/source/Convection_CPP_HLLC_5eq.h
./CubismApps/MPCFcore/source/Convection_QPX_HLLC_5eq.h
./CubismApps/MPCFcore/source/Diffusion_CPP.h
./CubismApps/MPCFcore/source/Diffusion_QPX.h
./CubismApps/MPCFcore/source/DivSOA2D_QPX.h
./CubismApps/MPCFcore/source/DivTensor_CPP.h
./CubismApps/MPCFcore/source/DivTensor_QPX.h
./CubismApps/MPCFcore/source/HLLCSOA2D_QPX_5eq.h
./CubismApps/MPCFcore/source/InterfaceSharpening_CPP_5eq.h
./CubismApps/MPCFcore/source/InterfaceSharpening_CPP_cell_compact_5eq.h
./CubismApps/MPCFcore/source/MaxInterfaceVel_CPP_5eq.h
./CubismApps/MPCFcore/source/MaxSpeedOfSound.h
./CubismApps/MPCFcore/source/MaxSpeedOfSound_CPP_5eq.h
./CubismApps/MPCFcore/source/MaxSpeedOfSound_QPX.h
./CubismApps/MPCFcore/source/MaxSpeedOfSound_QPX_5eq.h
./CubismApps/MPCFcore/source/QPXEMU.h
./CubismApps/MPCFcore/source/SOA2D.h
./CubismApps/MPCFcore/source/Source_CPP.h
./CubismApps/MPCFcore/source/SurfaceTension_CPP.h
./CubismApps/MPCFcore/source/TestTypes.h
./CubismApps/MPCFcore/source/Test_Convection.h
./CubismApps/MPCFcore/source/Test_Kernel.h
./CubismApps/MPCFcore/source/Test_LocalKernel.h
./CubismApps/MPCFcore/source/Test_LocalKernel_Block_5eq.h
./CubismApps/MPCFcore/source/Test_LocalKernel_Val_5eq.h
./CubismApps/MPCFcore/source/Test_Utils_5eq.h
./CubismApps/MPCFcore/source/Update.h
./CubismApps/MPCFcore/source/Update_QPX.h
./CubismApps/MPCFcore/source/Update_State_CPP_5eq.h
./CubismApps/MPCFcore/source/WenoSOA2D_QPX.h
./CubismApps/MPCFcore/source/check_errors.h
./CubismApps/MPCFcore/source/common.h
./CubismApps/MPCFcore/source/Convection_CPP_HLLC_5eq_nonuniform.h
./CubismApps/MPCFcore/source/WenoCoefficients.h
./CubismApps/MPCFnode/source/BC.h
./CubismApps/MPCFnode/source/BlockProcessor_OMP.h
./CubismApps/MPCFnode/source/BoundaryConditions.h
./CubismApps/MPCFnode/source/BoundaryGhostCells.h
./CubismApps/MPCFnode/source/FlowStep_LSRK3.h
./CubismApps/MPCFnode/source/FullWaveletTransform.h
./CubismApps/MPCFnode/source/OutputProcessing.h
./CubismApps/MPCFnode/source/Shapes.h
./CubismApps/MPCFnode/source/Streamer.h
./CubismApps/MPCFnode/source/TestLabs.h
./CubismApps/MPCFnode/source/Test_Advection.h
./CubismApps/MPCFnode/source/Test_ChannelFlow.h
./CubismApps/MPCFnode/source/Test_Cloud.h
./CubismApps/MPCFnode/source/Test_SICCloud.h
./CubismApps/MPCFnode/source/Test_SteadyState.h
./CubismApps/MPCFnode/source/Tests.h
./CubismApps/MPCFnode/source/Types.h
./CubismApps/MPCFnode/source/VectorCalculus.h
./CubismApps/MPCFnode/source/VectorOperator.h
./CubismApps/MPCFnode/source/WaveletCompressor.h
./CubismApps/MPCFnode/source/WaveletsOnInterval.h
./CubismApps/MPCFnode/source/WaveletsOnIntervalQPX.h
./CubismApps/MPCFnode/source/GridTypes.h
./CubismApps/MPCFnode/source/NonUniform.h
./CubismApps/MPCFnode/source/Test_CloudAcoustic.h
./CubismApps/MPCFthread/source/WenoFused_IS2_QPX.h
./CubismApps/MPCFthread/source/WenoFused_QPX.h
./CubismApps/MPCFthread/source/Weno_CPP.h
./CubismApps/MPCFthread/source/Weno_QPX.h
./CubismApps/MPCFthread/source/Weno_QPX_3rdOrder.h
./CubismApps/tools/CubismZ/CubismApps/Compressor/source/CompressionEncoders.h
./CubismApps/tools/CubismZ/CubismApps/Compressor/source/CompressionEncoders0.h
./CubismApps/tools/CubismZ/CubismApps/Compressor/source/FullWaveletTransform.h
./CubismApps/tools/CubismZ/CubismApps/Compressor/source/QPXEMU.h
./CubismApps/tools/CubismZ/CubismApps/Compressor/source/SerializerIO_WaveletCompression_MPI_Simple.h
./CubismApps/tools/CubismZ/CubismApps/Compressor/source/WaveletCompressor.h
./CubismApps/tools/CubismZ/CubismApps/Compressor/source/WaveletSerializationTypes.h
./CubismApps/tools/CubismZ/CubismApps/Compressor/source/WaveletsOnInterval.h
./CubismApps/tools/CubismZ/CubismApps/Compressor/source/WaveletsOnInterval3.h
./CubismApps/tools/CubismZ/CubismApps/Compressor/source/WaveletsOnIntervalQPX.h
./CubismApps/tools/CubismZ/CubismApps/Tests/basic_1ch/source/Test_IO_Compressed.h
./CubismApps/tools/CubismZ/CubismApps/Tests/basic_1ch/source/Types.h
./CubismApps/tools/CubismZ/CubismApps/Tests/basic_2ch/source/Test_IO_Compressed.h
./CubismApps/tools/CubismZ/CubismApps/Tests/basic_2ch/source/Types.h
./CubismApps/tools/CubismZ/CubismApps/Tests/dat22ch/makefiles/ParIO.h
./CubismApps/tools/CubismZ/CubismApps/Tests/dat22ch/makefiles/Test_IO_Compressed.h
./CubismApps/tools/CubismZ/CubismApps/Tests/dat22ch/makefiles/Types.h
./CubismApps/tools/CubismZ/CubismApps/Tests/dat22ch/source/Test_IO_Compressed.h
./CubismApps/tools/CubismZ/CubismApps/Tests/dat22ch/source/Types.h
./CubismApps/tools/CubismZ/CubismApps/Tests/hdf2ch/Test_IO_Compressed.h
./CubismApps/tools/CubismZ/CubismApps/Tests/hdf2ch/Types_single.h
./CubismApps/tools/CubismZ/CubismApps/Tests/init/source/Test_IO_Compressed.h
./CubismApps/tools/CubismZ/CubismApps/Tests/init/source/Types.h
./CubismApps/tools/CubismZ/CubismApps/Tests/sid_hybrid_1ch/source/Test_IO_Compressed.h
./CubismApps/tools/CubismZ/CubismApps/Tests/sid_hybrid_1ch/source/Types.h
./CubismApps/tools/CubismZ/CubismApps/Tests/sid_small/source/Test_IO_Compressed.h
./CubismApps/tools/CubismZ/CubismApps/Tests/sid_small/source/Types.h
./CubismApps/tools/CubismZ/CubismApps/tools/DRain/include/drain.h
./CubismApps/tools/CubismZ/CubismApps/tools/DRain/include/iw4-gen2.h
./CubismApps/tools/CubismZ/CubismApps/tools/DRain/include/shuf.h
./CubismApps/tools/CubismZ/CubismApps/tools/ISABELA-compress-0.2.1/bspline/BSpline.h
./CubismApps/tools/CubismZ/CubismApps/tools/ISABELA-compress-0.2.1/bspline/BSplineBase.h
./CubismApps/tools/CubismZ/CubismApps/tools/ISABELA-compress-0.2.1/bspline/BandedMatrix.h
./CubismApps/tools/CubismZ/CubismApps/tools/ISABELA-compress-0.2.1/bspline/ReconstructClass.h
./CubismApps/tools/CubismZ/CubismApps/tools/ISABELA-compress-0.2.1/bspline/spline_fit.h
./CubismApps/tools/CubismZ/CubismApps/tools/ISABELA-compress-0.2.1/include/bitstream.h
./CubismApps/tools/CubismZ/CubismApps/tools/ISABELA-compress-0.2.1/include/compressor_zlib_routines.h
./CubismApps/tools/CubismZ/CubismApps/tools/ISABELA-compress-0.2.1/include/error.h
./CubismApps/tools/CubismZ/CubismApps/tools/ISABELA-compress-0.2.1/include/isabela.h
./CubismApps/tools/CubismZ/CubismApps/tools/ISABELA-compress-0.2.1/include/myisa.h
./CubismApps/tools/CubismZ/CubismApps/tools/ISABELA-compress-0.2.1/include/utils.h
./CubismApps/tools/CubismZ/CubismApps/tools/ISABELA-compress-0.2.1/wavelets/haar.h
./CubismApps/tools/CubismZ/CubismApps/tools/ISABELA-compress-0.2.1/wavelets/wavelets.h
./CubismApps/tools/CubismZ/CubismApps/tools/ch2ch/Test_Bubbles.h
./CubismApps/tools/CubismZ/CubismApps/tools/ch2ch/Test_Histograms.h
./CubismApps/tools/CubismZ/CubismApps/tools/ch2ch/Test_IO_Compressed.h
./CubismApps/tools/CubismZ/CubismApps/tools/ch2ch/Test_Statistics.h
./CubismApps/tools/CubismZ/CubismApps/tools/ch2ch/Types.h
./CubismApps/tools/CubismZ/CubismApps/tools/ch2ch/Types_single.h
./CubismApps/tools/CubismZ/CubismApps/tools/fpc/fpc.h
./CubismApps/tools/CubismZ/CubismApps/tools/fpzip-1.1.0/inc/codec.h
./CubismApps/tools/CubismZ/CubismApps/tools/fpzip-1.1.0/inc/fpe.h
./CubismApps/tools/CubismZ/CubismApps/tools/fpzip-1.1.0/inc/fpzip.h
./CubismApps/tools/CubismZ/CubismApps/tools/fpzip-1.1.0/inc/front.h
./CubismApps/tools/CubismZ/CubismApps/tools/fpzip-1.1.0/inc/myfpzip.h
./CubismApps/tools/CubismZ/CubismApps/tools/fpzip-1.1.0/inc/pccodec.h
./CubismApps/tools/CubismZ/CubismApps/tools/fpzip-1.1.0/inc/pcdecoder.h
./CubismApps/tools/CubismZ/CubismApps/tools/fpzip-1.1.0/inc/pcencoder.h
./CubismApps/tools/CubismZ/CubismApps/tools/fpzip-1.1.0/inc/pcmap.h
./CubismApps/tools/CubismZ/CubismApps/tools/fpzip-1.1.0/inc/rcdecoder.h
./CubismApps/tools/CubismZ/CubismApps/tools/fpzip-1.1.0/inc/rcencoder.h
./CubismApps/tools/CubismZ/CubismApps/tools/fpzip-1.1.0/inc/rcmodel.h
./CubismApps/tools/CubismZ/CubismApps/tools/fpzip-1.1.0/inc/rcqsmodel.h
./CubismApps/tools/CubismZ/CubismApps/tools/fpzip-1.1.0/inc/read.h
./CubismApps/tools/CubismZ/CubismApps/tools/fpzip-1.1.0/inc/write.h
./CubismApps/tools/CubismZ/CubismApps/tools/lz4/lz4.h
./CubismApps/tools/CubismZ/CubismApps/tools/lzf/config.h
./CubismApps/tools/CubismZ/CubismApps/tools/lzf/crc32.h
./CubismApps/tools/CubismZ/CubismApps/tools/lzf/lzf.h
./CubismApps/tools/CubismZ/CubismApps/tools/lzf/lzfP.h
./CubismApps/tools/CubismZ/CubismApps/tools/reader/Reader_WaveletCompression.h
./CubismApps/tools/CubismZ/CubismApps/tools/reader/Reader_WaveletCompression0.h
./CubismApps/tools/CubismZ/CubismApps/tools/spdp/myspdp.h
./CubismApps/tools/CubismZ/CubismApps/tools/sz-1.4.8-beta/config.h
./CubismApps/tools/CubismZ/CubismApps/tools/sz-1.4.8-beta/sz/include/CompressElement.h
./CubismApps/tools/CubismZ/CubismApps/tools/sz-1.4.8-beta/sz/include/DynamicByteArray.h
./CubismApps/tools/CubismZ/CubismApps/tools/sz-1.4.8-beta/sz/include/DynamicDoubleArray.h
./CubismApps/tools/CubismZ/CubismApps/tools/sz-1.4.8-beta/sz/include/DynamicFloatArray.h
./CubismApps/tools/CubismZ/CubismApps/tools/sz-1.4.8-beta/sz/include/DynamicIntArray.h
./CubismApps/tools/CubismZ/CubismApps/tools/sz-1.4.8-beta/sz/include/Huffman.h
./CubismApps/tools/CubismZ/CubismApps/tools/sz-1.4.8-beta/sz/include/TightDataPointStorageD.h
./CubismApps/tools/CubismZ/CubismApps/tools/sz-1.4.8-beta/sz/include/TightDataPointStorageF.h
./CubismApps/tools/CubismZ/CubismApps/tools/sz-1.4.8-beta/sz/include/VarSet.h
./CubismApps/tools/CubismZ/CubismApps/tools/sz-1.4.8-beta/sz/include/dictionary.h
./CubismApps/tools/CubismZ/CubismApps/tools/sz-1.4.8-beta/sz/include/iniparser.h
./CubismApps/tools/CubismZ/CubismApps/tools/sz-1.4.8-beta/sz/include/rw.h
./CubismApps/tools/CubismZ/CubismApps/tools/sz-1.4.8-beta/sz/include/sz.h
./CubismApps/tools/CubismZ/CubismApps/tools/sz-1.4.8-beta/zlib/crc32.h
./CubismApps/tools/CubismZ/CubismApps/tools/sz-1.4.8-beta/zlib/deflate.h
./CubismApps/tools/CubismZ/CubismApps/tools/sz-1.4.8-beta/zlib/gzguts.h
./CubismApps/tools/CubismZ/CubismApps/tools/sz-1.4.8-beta/zlib/inffast.h
./CubismApps/tools/CubismZ/CubismApps/tools/sz-1.4.8-beta/zlib/inffixed.h
./CubismApps/tools/CubismZ/CubismApps/tools/sz-1.4.8-beta/zlib/inflate.h
./CubismApps/tools/CubismZ/CubismApps/tools/sz-1.4.8-beta/zlib/inftrees.h
./CubismApps/tools/CubismZ/CubismApps/tools/sz-1.4.8-beta/zlib/trees.h
./CubismApps/tools/CubismZ/CubismApps/tools/sz-1.4.8-beta/zlib/zconf.h
./CubismApps/tools/CubismZ/CubismApps/tools/sz-1.4.8-beta/zlib/zlib.h
./CubismApps/tools/CubismZ/CubismApps/tools/sz-1.4.8-beta/zlib/zutil.h
./CubismApps/tools/CubismZ/CubismApps/tools/vp2bin/ParIO.h
./CubismApps/tools/CubismZ/CubismApps/tools/vp2bin/tests/ParIO.h
./CubismApps/tools/CubismZ/CubismApps/tools/vpcachier/WaveletTexture3D.h
./CubismApps/tools/CubismZ/CubismApps/tools/zfp-0.5.0/array/cache.h
./CubismApps/tools/CubismZ/CubismApps/tools/zfp-0.5.0/array/memory.h
./CubismApps/tools/CubismZ/CubismApps/tools/zfp-0.5.0/array/zfparray.h
./CubismApps/tools/CubismZ/CubismApps/tools/zfp-0.5.0/array/zfparray1.h
./CubismApps/tools/CubismZ/CubismApps/tools/zfp-0.5.0/array/zfparray2.h
./CubismApps/tools/CubismZ/CubismApps/tools/zfp-0.5.0/array/zfparray3.h
./CubismApps/tools/CubismZ/CubismApps/tools/zfp-0.5.0/array/zfpcodec.h
./CubismApps/tools/CubismZ/CubismApps/tools/zfp-0.5.0/array/zfpcodecd.h
./CubismApps/tools/CubismZ/CubismApps/tools/zfp-0.5.0/array/zfpcodecf.h
./CubismApps/tools/CubismZ/CubismApps/tools/zfp-0.5.0/examples/array2d.h
./CubismApps/tools/CubismZ/CubismApps/tools/zfp-0.5.0/examples/fields.h
./CubismApps/tools/CubismZ/CubismApps/tools/zfp-0.5.0/inc/bitstream.h
./CubismApps/tools/CubismZ/CubismApps/tools/zfp-0.5.0/inc/macros.h
./CubismApps/tools/CubismZ/CubismApps/tools/zfp-0.5.0/inc/myzfp.h
./CubismApps/tools/CubismZ/CubismApps/tools/zfp-0.5.0/inc/system.h
./CubismApps/tools/CubismZ/CubismApps/tools/zfp-0.5.0/inc/types.h
./CubismApps/tools/CubismZ/CubismApps/tools/zfp-0.5.0/inc/zfp.h
./CubismApps/tools/CubismZ/CubismApps/tools/zfp-0.5.0/src/block1.h
./CubismApps/tools/CubismZ/CubismApps/tools/zfp-0.5.0/src/block2.h
./CubismApps/tools/CubismZ/CubismApps/tools/zfp-0.5.0/src/block3.h
./CubismApps/tools/CubismZ/CubismApps/tools/zfp-0.5.0/src/inline/inline.h
./CubismApps/tools/CubismZ/CubismApps/tools/zfp-0.5.0/src/template/codec.h
./CubismApps/tools/CubismZ/CubismApps/tools/zfp-0.5.0/src/template/template.h
./CubismApps/tools/CubismZ/CubismApps/tools/zfp-0.5.0/src/traitsd.h
./CubismApps/tools/CubismZ/CubismApps/tools/zfp-0.5.0/src/traitsf.h
./CubismApps/tools/CubismZ/CubismApps/tools/zopfli/myzopfli.h
./CubismApps/tools/CubismZ/CubismApps/tools/zopfli/src/zopfli/blocksplitter.h
./CubismApps/tools/CubismZ/CubismApps/tools/zopfli/src/zopfli/cache.h
./CubismApps/tools/CubismZ/CubismApps/tools/zopfli/src/zopfli/deflate.h
./CubismApps/tools/CubismZ/CubismApps/tools/zopfli/src/zopfli/gzip_container.h
./CubismApps/tools/CubismZ/CubismApps/tools/zopfli/src/zopfli/hash.h
./CubismApps/tools/CubismZ/CubismApps/tools/zopfli/src/zopfli/katajainen.h
./CubismApps/tools/CubismZ/CubismApps/tools/zopfli/src/zopfli/lz77.h
./CubismApps/tools/CubismZ/CubismApps/tools/zopfli/src/zopfli/squeeze.h
./CubismApps/tools/CubismZ/CubismApps/tools/zopfli/src/zopfli/tree.h
./CubismApps/tools/CubismZ/CubismApps/tools/zopfli/src/zopfli/util.h
./CubismApps/tools/CubismZ/CubismApps/tools/zopfli/src/zopfli/zlib_container.h
./CubismApps/tools/CubismZ/CubismApps/tools/zopfli/src/zopfli/zopfli.h
./CubismApps/tools/CubismZ/CubismApps/tools/zopfli/src/zopfli_lib/blocksplitter.h
./CubismApps/tools/CubismZ/CubismApps/tools/zopfli/src/zopfli_lib/cache.h
./CubismApps/tools/CubismZ/CubismApps/tools/zopfli/src/zopfli_lib/deflate.h
./CubismApps/tools/CubismZ/CubismApps/tools/zopfli/src/zopfli_lib/gzip_container.h
./CubismApps/tools/CubismZ/CubismApps/tools/zopfli/src/zopfli_lib/hash.h
./CubismApps/tools/CubismZ/CubismApps/tools/zopfli/src/zopfli_lib/katajainen.h
./CubismApps/tools/CubismZ/CubismApps/tools/zopfli/src/zopfli_lib/lz77.h
./CubismApps/tools/CubismZ/CubismApps/tools/zopfli/src/zopfli_lib/squeeze.h
./CubismApps/tools/CubismZ/CubismApps/tools/zopfli/src/zopfli_lib/tree.h
./CubismApps/tools/CubismZ/CubismApps/tools/zopfli/src/zopfli_lib/util.h
./CubismApps/tools/CubismZ/CubismApps/tools/zopfli/src/zopfli_lib/zlib_container.h
./CubismApps/tools/CubismZ/CubismApps/tools/zopfli/src/zopfli_lib/zopfli.h
./CubismApps/tools/CubismZ/CubismApps/tools/zopfli/zopfli.h
./CubismApps/tools/CubismZ/CubismApps/tools/zstd-dev/contrib/educational_decoder/zstd_decompress.h
./CubismApps/tools/CubismZ/CubismApps/tools/zstd-dev/contrib/pzstd/ErrorHolder.h
./CubismApps/tools/CubismZ/CubismApps/tools/zstd-dev/contrib/pzstd/Logging.h
./CubismApps/tools/CubismZ/CubismApps/tools/zstd-dev/contrib/pzstd/Options.h
./CubismApps/tools/CubismZ/CubismApps/tools/zstd-dev/contrib/pzstd/Pzstd.h
./CubismApps/tools/CubismZ/CubismApps/tools/zstd-dev/contrib/pzstd/SkippableFrame.h
./CubismApps/tools/CubismZ/CubismApps/tools/zstd-dev/contrib/pzstd/test/RoundTrip.h
./CubismApps/tools/CubismZ/CubismApps/tools/zstd-dev/contrib/pzstd/utils/Buffer.h
./CubismApps/tools/CubismZ/CubismApps/tools/zstd-dev/contrib/pzstd/utils/FileSystem.h
./CubismApps/tools/CubismZ/CubismApps/tools/zstd-dev/contrib/pzstd/utils/Likely.h
./CubismApps/tools/CubismZ/CubismApps/tools/zstd-dev/contrib/pzstd/utils/Range.h
./CubismApps/tools/CubismZ/CubismApps/tools/zstd-dev/contrib/pzstd/utils/ResourcePool.h
./CubismApps/tools/CubismZ/CubismApps/tools/zstd-dev/contrib/pzstd/utils/ScopeGuard.h
./CubismApps/tools/CubismZ/CubismApps/tools/zstd-dev/contrib/pzstd/utils/ThreadPool.h
./CubismApps/tools/CubismZ/CubismApps/tools/zstd-dev/contrib/pzstd/utils/WorkQueue.h
./CubismApps/tools/CubismZ/CubismApps/tools/zstd-dev/lib/common/bitstream.h
./CubismApps/tools/CubismZ/CubismApps/tools/zstd-dev/lib/common/error_private.h
./CubismApps/tools/CubismZ/CubismApps/tools/zstd-dev/lib/common/fse.h
./CubismApps/tools/CubismZ/CubismApps/tools/zstd-dev/lib/common/huf.h
./CubismApps/tools/CubismZ/CubismApps/tools/zstd-dev/lib/common/mem.h
./CubismApps/tools/CubismZ/CubismApps/tools/zstd-dev/lib/common/pool.h
./CubismApps/tools/CubismZ/CubismApps/tools/zstd-dev/lib/common/threading.h
./CubismApps/tools/CubismZ/CubismApps/tools/zstd-dev/lib/common/xxhash.h
./CubismApps/tools/CubismZ/CubismApps/tools/zstd-dev/lib/common/zstd_errors.h
./CubismApps/tools/CubismZ/CubismApps/tools/zstd-dev/lib/common/zstd_internal.h
./CubismApps/tools/CubismZ/CubismApps/tools/zstd-dev/lib/compress/zstd_opt.h
./CubismApps/tools/CubismZ/CubismApps/tools/zstd-dev/lib/compress/zstdmt_compress.h
./CubismApps/tools/CubismZ/CubismApps/tools/zstd-dev/lib/deprecated/zbuff.h
./CubismApps/tools/CubismZ/CubismApps/tools/zstd-dev/lib/dictBuilder/divsufsort.h
./CubismApps/tools/CubismZ/CubismApps/tools/zstd-dev/lib/dictBuilder/zdict.h
./CubismApps/tools/CubismZ/CubismApps/tools/zstd-dev/lib/legacy/zstd_legacy.h
./CubismApps/tools/CubismZ/CubismApps/tools/zstd-dev/lib/legacy/zstd_v01.h
./CubismApps/tools/CubismZ/CubismApps/tools/zstd-dev/lib/legacy/zstd_v02.h
./CubismApps/tools/CubismZ/CubismApps/tools/zstd-dev/lib/legacy/zstd_v03.h
./CubismApps/tools/CubismZ/CubismApps/tools/zstd-dev/lib/legacy/zstd_v04.h
./CubismApps/tools/CubismZ/CubismApps/tools/zstd-dev/lib/legacy/zstd_v05.h
./CubismApps/tools/CubismZ/CubismApps/tools/zstd-dev/lib/legacy/zstd_v06.h
./CubismApps/tools/CubismZ/CubismApps/tools/zstd-dev/lib/legacy/zstd_v07.h
./CubismApps/tools/CubismZ/CubismApps/tools/zstd-dev/lib/zstd.h
./CubismApps/tools/CubismZ/CubismApps/tools/zstd-dev/programs/bench.h
./CubismApps/tools/CubismZ/CubismApps/tools/zstd-dev/programs/datagen.h
./CubismApps/tools/CubismZ/CubismApps/tools/zstd-dev/programs/dibio.h
./CubismApps/tools/CubismZ/CubismApps/tools/zstd-dev/programs/fileio.h
./CubismApps/tools/CubismZ/CubismApps/tools/zstd-dev/programs/platform.h
./CubismApps/tools/CubismZ/CubismApps/tools/zstd-dev/programs/util.h
./CubismApps/tools/CubismZ/CubismApps/tools/zstd-dev/programs/windres/verrsrc.h
./CubismApps/tools/CubismZ/CubismApps/tools/zstd-dev/zlibWrapper/gzcompatibility.h
./CubismApps/tools/CubismZ/CubismApps/tools/zstd-dev/zlibWrapper/gzguts.h
./CubismApps/tools/CubismZ/CubismApps/tools/zstd-dev/zlibWrapper/zstd_zlibwrapper.h
./CubismApps/tools/fftw/FFTWBaseMPI.h
./CubismApps/tools/fftw/FFTWScalarMPI.h
./CubismApps/tools/fftw/FFTWVectorMPI.h
./CubismApps/tools/fftw/spectrum/HDF5Reader_MPI.h
./CubismApps/tools/fftw/spectrum/evalBase.h
./CubismApps/tools/fftw/spectrum/eval_hit/evalHit.h
./CubismApps/tools/fftw/spectrum/types.h
./CubismApps/tools/histbin/gnuplot_i.h
./CubismApps/tools/icgenerator/HDF5Dumper_MPI.h
./CubismApps/tools/icgenerator/caseBase.h
./CubismApps/tools/icgenerator/grid.h
./CubismApps/tools/icgenerator/ic_hit/caseHit.h
./CubismApps/tools/icgenerator/types.h
./CubismApps/tools/histbin/gnuplot_i.c
./CubismApps/tools/CubismZ/CubismApps/Tests/dat22ch/makefiles/compdat.c
./CubismApps/tools/CubismZ/CubismApps/Tests/hdf2ch/ch2diff.c
./CubismApps/tools/CubismZ/CubismApps/tools/lzf/lzf_c.c
./CubismApps/tools/CubismZ/CubismApps/tools/lzf/lzf.c
./CubismApps/tools/CubismZ/CubismApps/tools/lzf/lzf_d.c
./CubismApps/tools/CubismZ/CubismApps/tools/fpc/main.c
./CubismApps/tools/CubismZ/CubismApps/tools/fpc/fpc.c
./CubismApps/tools/CubismZ/CubismApps/tools/zstd-dev/zlibWrapper/gzlib.c
./CubismApps/tools/CubismZ/CubismApps/tools/zstd-dev/zlibWrapper/gzclose.c
./CubismApps/tools/CubismZ/CubismApps/tools/zstd-dev/zlibWrapper/gzread.c
./CubismApps/tools/CubismZ/CubismApps/tools/zstd-dev/zlibWrapper/zstd_zlibwrapper.c
./CubismApps/tools/CubismZ/CubismApps/tools/zstd-dev/zlibWrapper/examples/example_original.c
./CubismApps/tools/CubismZ/CubismApps/tools/zstd-dev/zlibWrapper/examples/fitblk_original.c
./CubismApps/tools/CubismZ/CubismApps/tools/zstd-dev/zlibWrapper/examples/minigzip.c
./CubismApps/tools/CubismZ/CubismApps/tools/zstd-dev/zlibWrapper/gzwrite.c
./CubismApps/tools/CubismZ/CubismApps/tools/zstd-dev/contrib/educational_decoder/harness.c
./CubismApps/tools/CubismZ/CubismApps/tools/zstd-dev/contrib/educational_decoder/zstd_decompress.c
./CubismApps/tools/CubismZ/CubismApps/tools/zstd-dev/lib/legacy/zstd_v04.c
./CubismApps/tools/CubismZ/CubismApps/tools/zstd-dev/lib/legacy/zstd_v01.c
./CubismApps/tools/CubismZ/CubismApps/tools/zstd-dev/lib/legacy/zstd_v05.c
./CubismApps/tools/CubismZ/CubismApps/tools/zstd-dev/lib/legacy/zstd_v02.c
./CubismApps/tools/CubismZ/CubismApps/tools/zstd-dev/lib/legacy/zstd_v03.c
./CubismApps/tools/CubismZ/CubismApps/tools/zstd-dev/lib/legacy/zstd_v06.c
./CubismApps/tools/CubismZ/CubismApps/tools/zstd-dev/lib/legacy/zstd_v07.c
./CubismApps/tools/CubismZ/CubismApps/tools/zstd-dev/lib/common/error_private.c
./CubismApps/tools/CubismZ/CubismApps/tools/zstd-dev/lib/common/xxhash.c
./CubismApps/tools/CubismZ/CubismApps/tools/zstd-dev/lib/common/entropy_common.c
./CubismApps/tools/CubismZ/CubismApps/tools/zstd-dev/lib/common/threading.c
./CubismApps/tools/CubismZ/CubismApps/tools/zstd-dev/lib/common/fse_decompress.c
./CubismApps/tools/CubismZ/CubismApps/tools/zstd-dev/lib/common/pool.c
./CubismApps/tools/CubismZ/CubismApps/tools/zstd-dev/lib/common/zstd_common.c
./CubismApps/tools/CubismZ/CubismApps/tools/zstd-dev/lib/compress/huf_compress.c
./CubismApps/tools/CubismZ/CubismApps/tools/zstd-dev/lib/compress/zstdmt_compress.c
./CubismApps/tools/CubismZ/CubismApps/tools/zstd-dev/lib/compress/fse_compress.c
./CubismApps/tools/CubismZ/CubismApps/tools/zstd-dev/lib/compress/zstd_compress.c
./CubismApps/tools/CubismZ/CubismApps/tools/zstd-dev/lib/dictBuilder/divsufsort.c
./CubismApps/tools/CubismZ/CubismApps/tools/zstd-dev/lib/dictBuilder/zdict.c
./CubismApps/tools/CubismZ/CubismApps/tools/zstd-dev/lib/dictBuilder/cover.c
./CubismApps/tools/CubismZ/CubismApps/tools/zstd-dev/lib/deprecated/zbuff_decompress.c
./CubismApps/tools/CubismZ/CubismApps/tools/zstd-dev/lib/deprecated/zbuff_common.c
./CubismApps/tools/CubismZ/CubismApps/tools/zstd-dev/lib/deprecated/zbuff_compress.c
./CubismApps/tools/CubismZ/CubismApps/tools/zstd-dev/lib/decompress/huf_decompress.c
./CubismApps/tools/CubismZ/CubismApps/tools/zstd-dev/lib/decompress/zstd_decompress.c
./CubismApps/tools/CubismZ/CubismApps/tools/zstd-dev/programs/datagen.c
./CubismApps/tools/CubismZ/CubismApps/tools/zstd-dev/programs/zstdcli.c
./CubismApps/tools/CubismZ/CubismApps/tools/zstd-dev/programs/dibio.c
./CubismApps/tools/CubismZ/CubismApps/tools/zstd-dev/programs/bench.c
./CubismApps/tools/CubismZ/CubismApps/tools/zstd-dev/programs/fileio.c
./CubismApps/tools/CubismZ/CubismApps/tools/zstd-dev/examples/streaming_decompression.c
./CubismApps/tools/CubismZ/CubismApps/tools/zstd-dev/examples/simple_decompression.c
./CubismApps/tools/CubismZ/CubismApps/tools/zstd-dev/examples/multiple_streaming_compression.c
./CubismApps/tools/CubismZ/CubismApps/tools/zstd-dev/examples/simple_compression.c
./CubismApps/tools/CubismZ/CubismApps/tools/zstd-dev/examples/streaming_compression.c
./CubismApps/tools/CubismZ/CubismApps/tools/zstd-dev/mytest/mytest0.c
./CubismApps/tools/CubismZ/CubismApps/tools/zstd-dev/mytest/mytest.c
./CubismApps/tools/CubismZ/CubismApps/tools/zstd-dev/tests/longmatch.c
./CubismApps/tools/CubismZ/CubismApps/tools/zstd-dev/tests/zbufftest.c
./CubismApps/tools/CubismZ/CubismApps/tools/zstd-dev/tests/invalidDictionaries.c
./CubismApps/tools/CubismZ/CubismApps/tools/zstd-dev/tests/paramgrill.c
./CubismApps/tools/CubismZ/CubismApps/tools/zstd-dev/tests/symbols.c
./CubismApps/tools/CubismZ/CubismApps/tools/zstd-dev/tests/pool.c
./CubismApps/tools/CubismZ/CubismApps/tools/zstd-dev/tests/legacy.c
./CubismApps/tools/CubismZ/CubismApps/tools/zstd-dev/tests/roundTripCrash.c
./CubismApps/tools/CubismZ/CubismApps/tools/zstd-dev/tests/fullbench.c
./CubismApps/tools/CubismZ/CubismApps/tools/zstd-dev/tests/namespaceTest.c
./CubismApps/tools/CubismZ/CubismApps/tools/zstd-dev/tests/zstreamtest.c
./CubismApps/tools/CubismZ/CubismApps/tools/zstd-dev/tests/fuzzer.c
./CubismApps/tools/CubismZ/CubismApps/tools/zstd-dev/tests/datagencli.c
./CubismApps/tools/CubismZ/CubismApps/tools/sz-1.4.8-beta/zlib/gzlib.c
./CubismApps/tools/CubismZ/CubismApps/tools/sz-1.4.8-beta/zlib/inffast.c
./CubismApps/tools/CubismZ/CubismApps/tools/sz-1.4.8-beta/zlib/deflate.c
./CubismApps/tools/CubismZ/CubismApps/tools/sz-1.4.8-beta/zlib/inftrees.c
./CubismApps/tools/CubismZ/CubismApps/tools/sz-1.4.8-beta/zlib/gzclose.c
./CubismApps/tools/CubismZ/CubismApps/tools/sz-1.4.8-beta/zlib/gzread.c
./CubismApps/tools/CubismZ/CubismApps/tools/sz-1.4.8-beta/zlib/crc32.c
./CubismApps/tools/CubismZ/CubismApps/tools/sz-1.4.8-beta/zlib/infback.c
./CubismApps/tools/CubismZ/CubismApps/tools/sz-1.4.8-beta/zlib/zutil.c
./CubismApps/tools/CubismZ/CubismApps/tools/sz-1.4.8-beta/zlib/inflate.c
./CubismApps/tools/CubismZ/CubismApps/tools/sz-1.4.8-beta/zlib/adler32.c
./CubismApps/tools/CubismZ/CubismApps/tools/sz-1.4.8-beta/zlib/uncompr.c
./CubismApps/tools/CubismZ/CubismApps/tools/sz-1.4.8-beta/zlib/compress.c
./CubismApps/tools/CubismZ/CubismApps/tools/sz-1.4.8-beta/zlib/gzwrite.c
./CubismApps/tools/CubismZ/CubismApps/tools/sz-1.4.8-beta/zlib/trees.c
./CubismApps/tools/CubismZ/CubismApps/tools/sz-1.4.8-beta/sz/src/ByteToolkit.c
./CubismApps/tools/CubismZ/CubismApps/tools/sz-1.4.8-beta/sz/src/sz.c
./CubismApps/tools/CubismZ/CubismApps/tools/sz-1.4.8-beta/sz/src/TightDataPointStorageD.c
./CubismApps/tools/CubismZ/CubismApps/tools/sz-1.4.8-beta/sz/src/test_zlib.c
./CubismApps/tools/CubismZ/CubismApps/tools/sz-1.4.8-beta/sz/src/TightDataPointStorageF.c
./CubismApps/tools/CubismZ/CubismApps/tools/sz-1.4.8-beta/sz/src/sz_float.c
./CubismApps/tools/CubismZ/CubismApps/tools/sz-1.4.8-beta/sz/src/dictionary.c
./CubismApps/tools/CubismZ/CubismApps/tools/sz-1.4.8-beta/sz/src/rw.c
./CubismApps/tools/CubismZ/CubismApps/tools/sz-1.4.8-beta/sz/src/sz_double.c
./CubismApps/tools/CubismZ/CubismApps/tools/sz-1.4.8-beta/sz/src/DynamicIntArray.c
./CubismApps/tools/CubismZ/CubismApps/tools/sz-1.4.8-beta/sz/src/DynamicByteArray.c
./CubismApps/tools/CubismZ/CubismApps/tools/sz-1.4.8-beta/sz/src/szf.c
./CubismApps/tools/CubismZ/CubismApps/tools/sz-1.4.8-beta/sz/src/TypeManager.c
./CubismApps/tools/CubismZ/CubismApps/tools/sz-1.4.8-beta/sz/src/Huffman.c
./CubismApps/tools/CubismZ/CubismApps/tools/sz-1.4.8-beta/sz/src/rwf.c
./CubismApps/tools/CubismZ/CubismApps/tools/sz-1.4.8-beta/sz/src/iniparser.c
./CubismApps/tools/CubismZ/CubismApps/tools/sz-1.4.8-beta/sz/src/VarSet.c
./CubismApps/tools/CubismZ/CubismApps/tools/sz-1.4.8-beta/sz/src/dataCompression.c
./CubismApps/tools/CubismZ/CubismApps/tools/sz-1.4.8-beta/sz/src/DynamicFloatArray.c
./CubismApps/tools/CubismZ/CubismApps/tools/sz-1.4.8-beta/sz/src/CompressElement.c
./CubismApps/tools/CubismZ/CubismApps/tools/sz-1.4.8-beta/sz/src/conf.c
./CubismApps/tools/CubismZ/CubismApps/tools/sz-1.4.8-beta/sz/src/DynamicDoubleArray.c
./CubismApps/tools/CubismZ/CubismApps/tools/sz-1.4.8-beta/example/testfloat_decompress.c
./CubismApps/tools/CubismZ/CubismApps/tools/sz-1.4.8-beta/example/testdouble_batch_compress.c
./CubismApps/tools/CubismZ/CubismApps/tools/sz-1.4.8-beta/example/testfloat_compress.c
./CubismApps/tools/CubismZ/CubismApps/tools/sz-1.4.8-beta/example/testdouble_decompress.c
./CubismApps/tools/CubismZ/CubismApps/tools/sz-1.4.8-beta/example/testfloat_batch_compress.c
./CubismApps/tools/CubismZ/CubismApps/tools/sz-1.4.8-beta/example/testdouble_compress.c
./CubismApps/tools/CubismZ/CubismApps/tools/ISABELA-compress-0.2.1/apps/example_file/file_compress.c
./CubismApps/tools/CubismZ/CubismApps/tools/ISABELA-compress-0.2.1/apps/simple/simple.c
./CubismApps/tools/CubismZ/CubismApps/tools/ISABELA-compress-0.2.1/apps/simple/file_compress.c
./CubismApps/tools/CubismZ/CubismApps/tools/ISABELA-compress-0.2.1/wavelets/wavelets.c
./CubismApps/tools/CubismZ/CubismApps/tools/ISABELA-compress-0.2.1/wavelets/haar.c
./CubismApps/tools/CubismZ/CubismApps/tools/ISABELA-compress-0.2.1/src/utils.c
./CubismApps/tools/CubismZ/CubismApps/tools/ISABELA-compress-0.2.1/src/compressor_zlib_routines.c
./CubismApps/tools/CubismZ/CubismApps/tools/ISABELA-compress-0.2.1/src/isabela_float.c
./CubismApps/tools/CubismZ/CubismApps/tools/ISABELA-compress-0.2.1/src/isabela.c
./CubismApps/tools/CubismZ/CubismApps/tools/ISABELA-compress-0.2.1/src/error.c
./CubismApps/tools/CubismZ/CubismApps/tools/ISABELA-compress-0.2.1/src/bitstream.c
./CubismApps/tools/CubismZ/CubismApps/tools/ISABELA-compress-0.2.1/src/isabela_double.c
./CubismApps/tools/CubismZ/CubismApps/tools/ISABELA-compress-0.2.1/tests/test_precision.c
./CubismApps/tools/CubismZ/CubismApps/tools/ISABELA-compress-0.2.1/tests/test_error_encoding.c
./CubismApps/tools/CubismZ/CubismApps/tools/spdp/spdp_10.c
./CubismApps/tools/CubismZ/CubismApps/tools/zopfli/mytest/mytest.c
./CubismApps/tools/CubismZ/CubismApps/tools/zopfli/src/zopfli/deflate.c
./CubismApps/tools/CubismZ/CubismApps/tools/zopfli/src/zopfli/gzip_container.c
./CubismApps/tools/CubismZ/CubismApps/tools/zopfli/src/zopfli/cache.c
./CubismApps/tools/CubismZ/CubismApps/tools/zopfli/src/zopfli/squeeze.c
./CubismApps/tools/CubismZ/CubismApps/tools/zopfli/src/zopfli/mytest.c
./CubismApps/tools/CubismZ/CubismApps/tools/zopfli/src/zopfli/zopfli_lib.c
./CubismApps/tools/CubismZ/CubismApps/tools/zopfli/src/zopfli/util.c
./CubismApps/tools/CubismZ/CubismApps/tools/zopfli/src/zopfli/zlib_container.c
./CubismApps/tools/CubismZ/CubismApps/tools/zopfli/src/zopfli/hash.c
./CubismApps/tools/CubismZ/CubismApps/tools/zopfli/src/zopfli/bin/zopfli_bin.c
./CubismApps/tools/CubismZ/CubismApps/tools/zopfli/src/zopfli/lz77.c
./CubismApps/tools/CubismZ/CubismApps/tools/zopfli/src/zopfli/katajainen.c
./CubismApps/tools/CubismZ/CubismApps/tools/zopfli/src/zopfli/tree.c
./CubismApps/tools/CubismZ/CubismApps/tools/zopfli/src/zopfli/blocksplitter.c
./CubismApps/tools/CubismZ/CubismApps/tools/zopfli/src/zopfli_lib/deflate.c
./CubismApps/tools/CubismZ/CubismApps/tools/zopfli/src/zopfli_lib/gzip_container.c
./CubismApps/tools/CubismZ/CubismApps/tools/zopfli/src/zopfli_lib/cache.c
./CubismApps/tools/CubismZ/CubismApps/tools/zopfli/src/zopfli_lib/squeeze.c
./CubismApps/tools/CubismZ/CubismApps/tools/zopfli/src/zopfli_lib/zopfli_lib.c
./CubismApps/tools/CubismZ/CubismApps/tools/zopfli/src/zopfli_lib/util.c
./CubismApps/tools/CubismZ/CubismApps/tools/zopfli/src/zopfli_lib/zlib_container.c
./CubismApps/tools/CubismZ/CubismApps/tools/zopfli/src/zopfli_lib/hash.c
./CubismApps/tools/CubismZ/CubismApps/tools/zopfli/src/zopfli_lib/bin/zopfli_bin.c
./CubismApps/tools/CubismZ/CubismApps/tools/zopfli/src/zopfli_lib/lz77.c
./CubismApps/tools/CubismZ/CubismApps/tools/zopfli/src/zopfli_lib/katajainen.c
./CubismApps/tools/CubismZ/CubismApps/tools/zopfli/src/zopfli_lib/tree.c
./CubismApps/tools/CubismZ/CubismApps/tools/zopfli/src/zopfli_lib/blocksplitter.c
./CubismApps/tools/CubismZ/CubismApps/tools/lz4/lz4.c
./CubismApps/tools/CubismZ/CubismApps/tools/vp2bin/printbin.c
./CubismApps/tools/CubismZ/CubismApps/tools/vp2bin/testdiff.c
./CubismApps/tools/CubismZ/CubismApps/tools/vp2bin/compbin.c
./CubismApps/tools/CubismZ/CubismApps/tools/vp2bin/testbin.c
./CubismApps/tools/CubismZ/CubismApps/tools/vp2bin/diffbin.c
./CubismApps/tools/CubismZ/CubismApps/tools/vp2bin/tests/readb.c
./CubismApps/tools/CubismZ/CubismApps/tools/zfp-0.5.0/examples/simple0.c
./CubismApps/tools/CubismZ/CubismApps/tools/zfp-0.5.0/examples/zfp.c
./CubismApps/tools/CubismZ/CubismApps/tools/zfp-0.5.0/examples/pgm.c
./CubismApps/tools/CubismZ/CubismApps/tools/zfp-0.5.0/examples/simple.c
./CubismApps/tools/CubismZ/CubismApps/tools/zfp-0.5.0/examples/speed.c
./CubismApps/tools/CubismZ/CubismApps/tools/zfp-0.5.0/examples/fields.c
./CubismApps/tools/CubismZ/CubismApps/tools/zfp-0.5.0/src/template/codec2.c
./CubismApps/tools/CubismZ/CubismApps/tools/zfp-0.5.0/src/template/encode1.c
./CubismApps/tools/CubismZ/CubismApps/tools/zfp-0.5.0/src/template/decompress.c
./CubismApps/tools/CubismZ/CubismApps/tools/zfp-0.5.0/src/template/decode2.c
./CubismApps/tools/CubismZ/CubismApps/tools/zfp-0.5.0/src/template/decode.c
./CubismApps/tools/CubismZ/CubismApps/tools/zfp-0.5.0/src/template/encode3.c
./CubismApps/tools/CubismZ/CubismApps/tools/zfp-0.5.0/src/template/encode2.c
./CubismApps/tools/CubismZ/CubismApps/tools/zfp-0.5.0/src/template/encode.c
./CubismApps/tools/CubismZ/CubismApps/tools/zfp-0.5.0/src/template/codec1.c
./CubismApps/tools/CubismZ/CubismApps/tools/zfp-0.5.0/src/template/decode3.c
./CubismApps/tools/CubismZ/CubismApps/tools/zfp-0.5.0/src/template/codec3.c
./CubismApps/tools/CubismZ/CubismApps/tools/zfp-0.5.0/src/template/decode1.c
./CubismApps/tools/CubismZ/CubismApps/tools/zfp-0.5.0/src/template/compress.c
./CubismApps/tools/CubismZ/CubismApps/tools/zfp-0.5.0/src/decode2f.c
./CubismApps/tools/CubismZ/CubismApps/tools/zfp-0.5.0/src/zfp.c
./CubismApps/tools/CubismZ/CubismApps/tools/zfp-0.5.0/src/encode3d.c
./CubismApps/tools/CubismZ/CubismApps/tools/zfp-0.5.0/src/encode1f.c
./CubismApps/tools/CubismZ/CubismApps/tools/zfp-0.5.0/src/decode3d.c
./CubismApps/tools/CubismZ/CubismApps/tools/zfp-0.5.0/src/decode3f.c
./CubismApps/tools/CubismZ/CubismApps/tools/zfp-0.5.0/src/bitstream.c
./CubismApps/tools/CubismZ/CubismApps/tools/zfp-0.5.0/src/decode1f.c
./CubismApps/tools/CubismZ/CubismApps/tools/zfp-0.5.0/src/encode2f.c
./CubismApps/tools/CubismZ/CubismApps/tools/zfp-0.5.0/src/encode3f.c
./CubismApps/tools/CubismZ/CubismApps/tools/zfp-0.5.0/src/decode2d.c
./CubismApps/tools/CubismZ/CubismApps/tools/zfp-0.5.0/src/inline/bitstream.c
./CubismApps/tools/CubismZ/CubismApps/tools/zfp-0.5.0/src/encode1d.c
./CubismApps/tools/CubismZ/CubismApps/tools/zfp-0.5.0/src/encode2d.c
./CubismApps/tools/CubismZ/CubismApps/tools/zfp-0.5.0/src/decode1d.c
./CubismApps/tools/CubismZ/CubismApps/tools/ch2dat/compdat.c
./CubismApps/tools/CubismZ/CubismApps/tools/ch2dat/3dto1d.c
./CubismApps/tools/CubismZ/CubismApps/tools/fpzip-1.1.0/examples/testfpzip.c
./Cubism/source/Histogram.cpp
./Cubism/source/Profiler.cpp
./CubismApps/MPCFthread/source/main-weno.cpp
./CubismApps/MPCFthread/source/playground-qpx.cpp
./CubismApps/MPCFcore/source/DivTensor_CPP.cpp
./CubismApps/MPCFcore/source/Convection_CPP_HLLC_5eq.cpp
./CubismApps/MPCFcore/source/SurfaceTension_CPP.cpp
./CubismApps/MPCFcore/source/Update.cpp
./CubismApps/MPCFcore/source/MaxSpeedOfSound.cpp
./CubismApps/MPCFcore/source/WenoSOA2D_QPX.cpp
./CubismApps/MPCFcore/source/HLLCSOA2D_QPX_5eq.cpp
./CubismApps/MPCFcore/source/InterfaceSharpening_CPP_5eq.cpp
./CubismApps/MPCFcore/source/Source_CPP.cpp
./CubismApps/MPCFcore/source/InterfaceSharpening_CPP_cell_compact_5eq.cpp
./CubismApps/MPCFcore/source/DivSOA2D_QPX.cpp
./CubismApps/MPCFcore/source/MaxInterfaceVel_CPP_5eq.cpp
./CubismApps/MPCFcore/source/Test_Convection.cpp
./CubismApps/MPCFcore/source/Update_State_CPP_5eq.cpp
./CubismApps/MPCFcore/source/Diffusion_CPP.cpp
./CubismApps/MPCFcore/source/Convection_CPP.cpp
./CubismApps/MPCFcore/source/MaxSpeedOfSound_CPP_5eq.cpp
./CubismApps/MPCFcore/source/Convection_CPP_HLLC_5eq_nonuniform.cpp
./CubismApps/MPCFcore/source/main.cpp
./CubismApps/MPCFcluster/source/FlowStep_LSRK3MPI.cpp
./CubismApps/MPCFcluster/source/PoissonSolverScalarFFTW_MPI.cpp
./CubismApps/MPCFcluster/source/main.cpp
./CubismApps/tools/histbin/printoutliers.cpp
./CubismApps/tools/histbin/bin2txt.cpp
./CubismApps/tools/histbin/cleanbin.cpp
./CubismApps/tools/histbin/chunked2ordered.cpp
./CubismApps/tools/histbin/gsl_histo.cpp
./CubismApps/tools/histbin/labload.cpp
./CubismApps/tools/histbin/printbin.cpp
./CubismApps/tools/fftw/FFTWBaseMPI.cpp
./CubismApps/tools/fftw/spectrum/eval_hit/evalHit.cpp
./CubismApps/tools/fftw/spectrum/main.cpp
./CubismApps/tools/CubismZ/CubismApps/Tests/basic_1ch/source/data_generator.cpp
./CubismApps/tools/CubismZ/CubismApps/Tests/basic_1ch/source/main.cpp
./CubismApps/tools/CubismZ/CubismApps/Tests/sid_hybrid_1ch/reader/ngareader.cpp
./CubismApps/tools/CubismZ/CubismApps/Tests/sid_hybrid_1ch/reader/ngareader2.cpp
./CubismApps/tools/CubismZ/CubismApps/Tests/sid_hybrid_1ch/source/main.cpp
./CubismApps/tools/CubismZ/CubismApps/Tests/dat22ch/source/data_generator.cpp
./CubismApps/tools/CubismZ/CubismApps/Tests/dat22ch/source/main.cpp
./CubismApps/tools/CubismZ/CubismApps/Tests/dat22ch/makefiles/data_generator.cpp
./CubismApps/tools/CubismZ/CubismApps/Tests/dat22ch/makefiles/ch2dat.cpp
./CubismApps/tools/CubismZ/CubismApps/Tests/dat22ch/makefiles/dat2ch.cpp
./CubismApps/tools/CubismZ/CubismApps/Tests/init/source/main.cpp
./CubismApps/tools/CubismZ/CubismApps/Tests/sid_small/source/main.cpp
./CubismApps/tools/CubismZ/CubismApps/Tests/basic_2ch/source/data_generator.cpp
./CubismApps/tools/CubismZ/CubismApps/Tests/basic_2ch/source/main.cpp
./CubismApps/tools/CubismZ/CubismApps/Tests/hdf2ch/main.cpp
./CubismApps/tools/CubismZ/CubismApps/tools/fpc/wd.cpp
./CubismApps/tools/CubismZ/CubismApps/tools/zstd-dev/contrib/pzstd/SkippableFrame.cpp
./CubismApps/tools/CubismZ/CubismApps/tools/zstd-dev/contrib/pzstd/utils/test/ThreadPoolTest.cpp
./CubismApps/tools/CubismZ/CubismApps/tools/zstd-dev/contrib/pzstd/utils/test/RangeTest.cpp
./CubismApps/tools/CubismZ/CubismApps/tools/zstd-dev/contrib/pzstd/utils/test/BufferTest.cpp
./CubismApps/tools/CubismZ/CubismApps/tools/zstd-dev/contrib/pzstd/utils/test/WorkQueueTest.cpp
./CubismApps/tools/CubismZ/CubismApps/tools/zstd-dev/contrib/pzstd/utils/test/ScopeGuardTest.cpp
./CubismApps/tools/CubismZ/CubismApps/tools/zstd-dev/contrib/pzstd/utils/test/ResourcePoolTest.cpp
./CubismApps/tools/CubismZ/CubismApps/tools/zstd-dev/contrib/pzstd/Options.cpp
./CubismApps/tools/CubismZ/CubismApps/tools/zstd-dev/contrib/pzstd/test/OptionsTest.cpp
./CubismApps/tools/CubismZ/CubismApps/tools/zstd-dev/contrib/pzstd/test/RoundTripTest.cpp
./CubismApps/tools/CubismZ/CubismApps/tools/zstd-dev/contrib/pzstd/test/PzstdTest.cpp
./CubismApps/tools/CubismZ/CubismApps/tools/zstd-dev/contrib/pzstd/Pzstd.cpp
./CubismApps/tools/CubismZ/CubismApps/tools/zstd-dev/contrib/pzstd/main.cpp
./CubismApps/tools/CubismZ/CubismApps/tools/zstd-dev/contrib/gen_html/gen_html.cpp
./CubismApps/tools/CubismZ/CubismApps/tools/dataf/printdat.cpp
./CubismApps/tools/CubismZ/CubismApps/tools/dataf/compdat2.cpp
./CubismApps/tools/CubismZ/CubismApps/tools/dataf/printdat_stride.cpp
./CubismApps/tools/CubismZ/CubismApps/tools/dataf/compdat.cpp
./CubismApps/tools/CubismZ/CubismApps/tools/dataf/writedat.cpp
./CubismApps/tools/CubismZ/CubismApps/tools/ISABELA-compress-0.2.1/bspline/ReconstructClass.cpp
./CubismApps/tools/CubismZ/CubismApps/tools/ISABELA-compress-0.2.1/bspline/BSplineBase.cpp
./CubismApps/tools/CubismZ/CubismApps/tools/ISABELA-compress-0.2.1/bspline/BSplineLib.cpp
./CubismApps/tools/CubismZ/CubismApps/tools/ISABELA-compress-0.2.1/bspline/BSpline.cpp
./CubismApps/tools/CubismZ/CubismApps/tools/ISABELA-compress-0.2.1/bspline/spline_fit.cpp
./CubismApps/tools/CubismZ/CubismApps/tools/ch2diff/._main.cpp
./CubismApps/tools/CubismZ/CubismApps/tools/ch2diff/main.cpp
./CubismApps/tools/CubismZ/CubismApps/tools/reader/main.cpp
./CubismApps/tools/CubismZ/CubismApps/tools/spdp/mytest.cpp
./CubismApps/tools/CubismZ/CubismApps/tools/vpcachier/main.cpp
./CubismApps/tools/CubismZ/CubismApps/tools/ch2ch/main_io.cpp
./CubismApps/tools/CubismZ/CubismApps/tools/ch2ch/main.cpp
./CubismApps/tools/CubismZ/CubismApps/tools/vp2bin/main.cpp
./CubismApps/tools/CubismZ/CubismApps/tools/vp2bin/tests/testpar.cpp
./CubismApps/tools/CubismZ/CubismApps/tools/zfp-0.5.0/examples/testzfp.cpp
./CubismApps/tools/CubismZ/CubismApps/tools/zfp-0.5.0/examples/diffusion.cpp
./CubismApps/tools/CubismZ/CubismApps/tools/ch2dat/main.cpp
./CubismApps/tools/CubismZ/CubismApps/tools/fpzip-1.1.0/src/write.cpp
./CubismApps/tools/CubismZ/CubismApps/tools/fpzip-1.1.0/src/read.cpp
./CubismApps/tools/CubismZ/CubismApps/tools/fpzip-1.1.0/src/rcqsmodel.cpp
./CubismApps/tools/CubismZ/CubismApps/tools/fpzip-1.1.0/src/error.cpp
./CubismApps/tools/CubismZ/CubismApps/tools/fpzip-1.1.0/src/rcencoder.cpp
./CubismApps/tools/CubismZ/CubismApps/tools/fpzip-1.1.0/src/rcdecoder.cpp
./CubismApps/tools/CubismZ/CubismApps/Compressor/source/WaveletCompressor.cpp
./CubismApps/tools/CubismZ/CubismApps/MPCFnode/source/WaveletCompressor.cpp
./CubismApps/MPCFnode/source/WaveletCompressor.cpp
./CubismApps/MPCFnode/source/TestLabs.cpp
./CubismApps/MPCFnode/source/Types.cpp
./CubismApps/MPCFnode/source/FlowStep_LSRK3.cpp
./CubismApps/MPCFnode/source/Streamer.cpp
./CubismApps/MPCFnode/source/VectorOperator.cpp
./CubismApps/MPCFnode/source/BoundaryGhostCells.cpp
./CubismApps/MPCFnode/source/main.cpp
./Cubism/source/GridMPI.h
./Cubism/source/BlockLabMPI.h
./Cubism/source/ZBinDumper.h
./Cubism/source/Matrix3D.h
./Cubism/source/StencilInfo.h
./Cubism/source/LosslessCompression.h
./Cubism/source/Profiler.h
./Cubism/source/SynchronizerMPI.h
./Cubism/source/SerializerIO_VP.h
./Cubism/source/HDF5SliceDumperMPI.h
./Cubism/source/Grid.h
./Cubism/source/GridMorton.h
./Cubism/source/Timer.h
./Cubism/source/HDF5Dumper.h
./Cubism/source/ZBinDumper_MPI.h
./Cubism/source/Matrix4D.h
./Cubism/source/BlockProcessingMPI.h
./Cubism/source/MeshMap.h
./Cubism/source/ArgumentParser.h
./Cubism/source/DependencyCubeMPI.h
./Cubism/source/PUPkernelsMPI.h
./Cubism/source/SerializerIO.h
./Cubism/source/Histogram.h
./Cubism/source/Indexers.h
./Cubism/source/HDF5SliceDumper.h
./Cubism/source/PlainBinDumper_MPI.h
./Cubism/source/BlockInfo.h
./Cubism/source/HDF5Dumper_MPI.h
./Cubism/source/BlockLab.h
./Cubism/source/BlockProcessing.h
./Cubism/source/SerializerIO_ImageVTK.h
./CubismApps/MPCFthread/source/Weno_QPX_3rdOrder.h
./CubismApps/MPCFthread/source/Weno_CPP.h
./CubismApps/MPCFthread/source/WenoFused_IS2_QPX.h
./CubismApps/MPCFthread/source/WenoFused_QPX.h
./CubismApps/MPCFthread/source/Weno_QPX.h
./CubismApps/MPCFcore/source/common.h
./CubismApps/MPCFcore/source/Convection_CPP_HLLC_5eq_nonuniform.h
./CubismApps/MPCFcore/source/Update_State_CPP_5eq.h
./CubismApps/MPCFcore/source/DivTensor_QPX.h
./CubismApps/MPCFcore/source/Update_QPX.h
./CubismApps/MPCFcore/source/SurfaceTension_CPP.h
./CubismApps/MPCFcore/source/Test_Kernel.h
./CubismApps/MPCFcore/source/InterfaceSharpening_CPP_5eq.h
./CubismApps/MPCFcore/source/Convection_CPP.h
./CubismApps/MPCFcore/source/WenoCoefficients.h
./CubismApps/MPCFcore/source/DivTensor_CPP.h
./CubismApps/MPCFcore/source/MaxSpeedOfSound.h
./CubismApps/MPCFcore/source/WenoSOA2D_QPX.h
./CubismApps/MPCFcore/source/MaxSpeedOfSound_QPX.h
./CubismApps/MPCFcore/source/Update.h
./CubismApps/MPCFcore/source/Test_Convection.h
./CubismApps/MPCFcore/source/check_errors.h
./CubismApps/MPCFcore/source/MaxSpeedOfSound_CPP_5eq.h
./CubismApps/MPCFcore/source/Diffusion_QPX.h
./CubismApps/MPCFcore/source/HLLCSOA2D_QPX_5eq.h
./CubismApps/MPCFcore/source/MaxSpeedOfSound_QPX_5eq.h
./CubismApps/MPCFcore/source/TestTypes.h
./CubismApps/MPCFcore/source/MaxInterfaceVel_CPP_5eq.h
./CubismApps/MPCFcore/source/Convection_CPP_HLLC_5eq.h
./CubismApps/MPCFcore/source/Test_LocalKernel_Block_5eq.h
./CubismApps/MPCFcore/source/Diffusion_CPP.h
./CubismApps/MPCFcore/source/SOA2D.h
./CubismApps/MPCFcore/source/QPXEMU.h
./CubismApps/MPCFcore/source/Convection_QPX_HLLC_5eq.h
./CubismApps/MPCFcore/source/Test_LocalKernel.h
./CubismApps/MPCFcore/source/InterfaceSharpening_CPP_cell_compact_5eq.h
./CubismApps/MPCFcore/source/Test_LocalKernel_Val_5eq.h
./CubismApps/MPCFcore/source/Source_CPP.h
./CubismApps/MPCFcore/source/Test_Utils_5eq.h
./CubismApps/MPCFcore/source/DivSOA2D_QPX.h
./CubismApps/MPCFcluster/source/WaveletSerializationTypes.h
./CubismApps/MPCFcluster/source/Test_SteadyStateMPI.h
./CubismApps/MPCFcluster/source/StatisticsMPI_SPTurbulent.h
./CubismApps/MPCFcluster/source/VectorCalculusMPI.h
./CubismApps/MPCFcluster/source/ParIO.h
./CubismApps/MPCFcluster/source/Test_CloudAcousticMPI.h
./CubismApps/MPCFcluster/source/Test_CloudMPI.h
./CubismApps/MPCFcluster/source/StatisticsMPI.h
./CubismApps/MPCFcluster/source/BlockProcessor_MPI.h
./CubismApps/MPCFcluster/source/MPI_GridTransfer.h
./CubismApps/MPCFcluster/source/SerializerIO_WaveletCompression_MPI_Simple.h
./CubismApps/MPCFcluster/source/CompressionEncoders.h
./CubismApps/MPCFcluster/source/OutputProcessingMPI.h
./CubismApps/MPCFcluster/source/StatisticsMPI_MultiPhase.h
./CubismApps/MPCFcluster/source/Test_SICCloudMPI.h
./CubismApps/MPCFcluster/source/FlowStep_LSRK3MPI.h
./CubismApps/MPCFcluster/source/StatisticsMPI_SinglePhase.h
./CubismApps/MPCFcluster/source/PoissonSolverScalarFFTW_MPI.h
./CubismApps/MPCFcluster/source/PoissonSolverVectorFFTW_MPI.h
./CubismApps/MPCFcluster/source/Test_ChannelFlowMPI.h
./CubismApps/tools/histbin/gnuplot_i.h
./CubismApps/tools/fftw/FFTWBaseMPI.h
./CubismApps/tools/fftw/FFTWVectorMPI.h
./CubismApps/tools/fftw/spectrum/evalBase.h
./CubismApps/tools/fftw/spectrum/types.h
./CubismApps/tools/fftw/spectrum/eval_hit/evalHit.h
./CubismApps/tools/fftw/spectrum/HDF5Reader_MPI.h
./CubismApps/tools/fftw/FFTWScalarMPI.h
./CubismApps/tools/CubismZ/CubismApps/Tests/basic_1ch/source/Test_IO_Compressed.h
./CubismApps/tools/CubismZ/CubismApps/Tests/basic_1ch/source/Types.h
./CubismApps/tools/CubismZ/CubismApps/Tests/sid_hybrid_1ch/source/Test_IO_Compressed.h
./CubismApps/tools/CubismZ/CubismApps/Tests/sid_hybrid_1ch/source/Types.h
./CubismApps/tools/CubismZ/CubismApps/Tests/dat22ch/source/Test_IO_Compressed.h
./CubismApps/tools/CubismZ/CubismApps/Tests/dat22ch/source/Types.h
./CubismApps/tools/CubismZ/CubismApps/Tests/dat22ch/makefiles/ParIO.h
./CubismApps/tools/CubismZ/CubismApps/Tests/dat22ch/makefiles/Test_IO_Compressed.h
./CubismApps/tools/CubismZ/CubismApps/Tests/dat22ch/makefiles/Types.h
./CubismApps/tools/CubismZ/CubismApps/Tests/init/source/Test_IO_Compressed.h
./CubismApps/tools/CubismZ/CubismApps/Tests/init/source/Types.h
./CubismApps/tools/CubismZ/CubismApps/Tests/sid_small/source/Test_IO_Compressed.h
./CubismApps/tools/CubismZ/CubismApps/Tests/sid_small/source/Types.h
./CubismApps/tools/CubismZ/CubismApps/Tests/basic_2ch/source/Test_IO_Compressed.h
./CubismApps/tools/CubismZ/CubismApps/Tests/basic_2ch/source/Types.h
./CubismApps/tools/CubismZ/CubismApps/Tests/hdf2ch/Types_single.h
./CubismApps/tools/CubismZ/CubismApps/Tests/hdf2ch/Test_IO_Compressed.h
./CubismApps/tools/CubismZ/CubismApps/tools/lzf/lzf.h
./CubismApps/tools/CubismZ/CubismApps/tools/lzf/config.h
./CubismApps/tools/CubismZ/CubismApps/tools/lzf/lzfP.h
./CubismApps/tools/CubismZ/CubismApps/tools/lzf/crc32.h
./CubismApps/tools/CubismZ/CubismApps/tools/fpc/fpc.h
./CubismApps/tools/CubismZ/CubismApps/tools/zstd-dev/zlibWrapper/zstd_zlibwrapper.h
./CubismApps/tools/CubismZ/CubismApps/tools/zstd-dev/zlibWrapper/gzguts.h
./CubismApps/tools/CubismZ/CubismApps/tools/zstd-dev/zlibWrapper/gzcompatibility.h
./CubismApps/tools/CubismZ/CubismApps/tools/zstd-dev/contrib/educational_decoder/zstd_decompress.h
./CubismApps/tools/CubismZ/CubismApps/tools/zstd-dev/contrib/pzstd/Logging.h
./CubismApps/tools/CubismZ/CubismApps/tools/zstd-dev/contrib/pzstd/Options.h
./CubismApps/tools/CubismZ/CubismApps/tools/zstd-dev/contrib/pzstd/utils/ThreadPool.h
./CubismApps/tools/CubismZ/CubismApps/tools/zstd-dev/contrib/pzstd/utils/WorkQueue.h
./CubismApps/tools/CubismZ/CubismApps/tools/zstd-dev/contrib/pzstd/utils/Range.h
./CubismApps/tools/CubismZ/CubismApps/tools/zstd-dev/contrib/pzstd/utils/Likely.h
./CubismApps/tools/CubismZ/CubismApps/tools/zstd-dev/contrib/pzstd/utils/ScopeGuard.h
./CubismApps/tools/CubismZ/CubismApps/tools/zstd-dev/contrib/pzstd/utils/FileSystem.h
./CubismApps/tools/CubismZ/CubismApps/tools/zstd-dev/contrib/pzstd/utils/Buffer.h
./CubismApps/tools/CubismZ/CubismApps/tools/zstd-dev/contrib/pzstd/utils/ResourcePool.h
./CubismApps/tools/CubismZ/CubismApps/tools/zstd-dev/contrib/pzstd/SkippableFrame.h
./CubismApps/tools/CubismZ/CubismApps/tools/zstd-dev/contrib/pzstd/test/RoundTrip.h
./CubismApps/tools/CubismZ/CubismApps/tools/zstd-dev/contrib/pzstd/Pzstd.h
./CubismApps/tools/CubismZ/CubismApps/tools/zstd-dev/contrib/pzstd/ErrorHolder.h
./CubismApps/tools/CubismZ/CubismApps/tools/zstd-dev/lib/legacy/zstd_v02.h
./CubismApps/tools/CubismZ/CubismApps/tools/zstd-dev/lib/legacy/zstd_v01.h
./CubismApps/tools/CubismZ/CubismApps/tools/zstd-dev/lib/legacy/zstd_legacy.h
./CubismApps/tools/CubismZ/CubismApps/tools/zstd-dev/lib/legacy/zstd_v07.h
./CubismApps/tools/CubismZ/CubismApps/tools/zstd-dev/lib/legacy/zstd_v03.h
./CubismApps/tools/CubismZ/CubismApps/tools/zstd-dev/lib/legacy/zstd_v04.h
./CubismApps/tools/CubismZ/CubismApps/tools/zstd-dev/lib/legacy/zstd_v05.h
./CubismApps/tools/CubismZ/CubismApps/tools/zstd-dev/lib/legacy/zstd_v06.h
./CubismApps/tools/CubismZ/CubismApps/tools/zstd-dev/lib/common/huf.h
./CubismApps/tools/CubismZ/CubismApps/tools/zstd-dev/lib/common/error_private.h
./CubismApps/tools/CubismZ/CubismApps/tools/zstd-dev/lib/common/pool.h
./CubismApps/tools/CubismZ/CubismApps/tools/zstd-dev/lib/common/zstd_errors.h
./CubismApps/tools/CubismZ/CubismApps/tools/zstd-dev/lib/common/mem.h
./CubismApps/tools/CubismZ/CubismApps/tools/zstd-dev/lib/common/bitstream.h
./CubismApps/tools/CubismZ/CubismApps/tools/zstd-dev/lib/common/threading.h
./CubismApps/tools/CubismZ/CubismApps/tools/zstd-dev/lib/common/xxhash.h
./CubismApps/tools/CubismZ/CubismApps/tools/zstd-dev/lib/common/zstd_internal.h
./CubismApps/tools/CubismZ/CubismApps/tools/zstd-dev/lib/common/fse.h
./CubismApps/tools/CubismZ/CubismApps/tools/zstd-dev/lib/compress/zstd_opt.h
./CubismApps/tools/CubismZ/CubismApps/tools/zstd-dev/lib/compress/zstdmt_compress.h
./CubismApps/tools/CubismZ/CubismApps/tools/zstd-dev/lib/dictBuilder/divsufsort.h
./CubismApps/tools/CubismZ/CubismApps/tools/zstd-dev/lib/dictBuilder/zdict.h
./CubismApps/tools/CubismZ/CubismApps/tools/zstd-dev/lib/deprecated/zbuff.h
./CubismApps/tools/CubismZ/CubismApps/tools/zstd-dev/lib/zstd.h
./CubismApps/tools/CubismZ/CubismApps/tools/zstd-dev/programs/util.h
./CubismApps/tools/CubismZ/CubismApps/tools/zstd-dev/programs/dibio.h
./CubismApps/tools/CubismZ/CubismApps/tools/zstd-dev/programs/windres/verrsrc.h
./CubismApps/tools/CubismZ/CubismApps/tools/zstd-dev/programs/bench.h
./CubismApps/tools/CubismZ/CubismApps/tools/zstd-dev/programs/fileio.h
./CubismApps/tools/CubismZ/CubismApps/tools/zstd-dev/programs/platform.h
./CubismApps/tools/CubismZ/CubismApps/tools/zstd-dev/programs/datagen.h
./CubismApps/tools/CubismZ/CubismApps/tools/sz-1.4.8-beta/config.h
./CubismApps/tools/CubismZ/CubismApps/tools/sz-1.4.8-beta/zlib/inffast.h
./CubismApps/tools/CubismZ/CubismApps/tools/sz-1.4.8-beta/zlib/inftrees.h
./CubismApps/tools/CubismZ/CubismApps/tools/sz-1.4.8-beta/zlib/zutil.h
./CubismApps/tools/CubismZ/CubismApps/tools/sz-1.4.8-beta/zlib/deflate.h
./CubismApps/tools/CubismZ/CubismApps/tools/sz-1.4.8-beta/zlib/zlib.h
./CubismApps/tools/CubismZ/CubismApps/tools/sz-1.4.8-beta/zlib/inffixed.h
./CubismApps/tools/CubismZ/CubismApps/tools/sz-1.4.8-beta/zlib/zconf.h
./CubismApps/tools/CubismZ/CubismApps/tools/sz-1.4.8-beta/zlib/gzguts.h
./CubismApps/tools/CubismZ/CubismApps/tools/sz-1.4.8-beta/zlib/crc32.h
./CubismApps/tools/CubismZ/CubismApps/tools/sz-1.4.8-beta/zlib/inflate.h
./CubismApps/tools/CubismZ/CubismApps/tools/sz-1.4.8-beta/zlib/trees.h
./CubismApps/tools/CubismZ/CubismApps/tools/sz-1.4.8-beta/sz/include/DynamicByteArray.h
./CubismApps/tools/CubismZ/CubismApps/tools/sz-1.4.8-beta/sz/include/VarSet.h
./CubismApps/tools/CubismZ/CubismApps/tools/sz-1.4.8-beta/sz/include/Huffman.h
./CubismApps/tools/CubismZ/CubismApps/tools/sz-1.4.8-beta/sz/include/DynamicDoubleArray.h
./CubismApps/tools/CubismZ/CubismApps/tools/sz-1.4.8-beta/sz/include/dictionary.h
./CubismApps/tools/CubismZ/CubismApps/tools/sz-1.4.8-beta/sz/include/TightDataPointStorageF.h
./CubismApps/tools/CubismZ/CubismApps/tools/sz-1.4.8-beta/sz/include/rw.h
./CubismApps/tools/CubismZ/CubismApps/tools/sz-1.4.8-beta/sz/include/CompressElement.h
./CubismApps/tools/CubismZ/CubismApps/tools/sz-1.4.8-beta/sz/include/DynamicFloatArray.h
./CubismApps/tools/CubismZ/CubismApps/tools/sz-1.4.8-beta/sz/include/sz.h
./CubismApps/tools/CubismZ/CubismApps/tools/sz-1.4.8-beta/sz/include/iniparser.h
./CubismApps/tools/CubismZ/CubismApps/tools/sz-1.4.8-beta/sz/include/TightDataPointStorageD.h
./CubismApps/tools/CubismZ/CubismApps/tools/sz-1.4.8-beta/sz/include/DynamicIntArray.h
./CubismApps/tools/CubismZ/CubismApps/tools/ISABELA-compress-0.2.1/bspline/spline_fit.h
./CubismApps/tools/CubismZ/CubismApps/tools/ISABELA-compress-0.2.1/bspline/ReconstructClass.h
./CubismApps/tools/CubismZ/CubismApps/tools/ISABELA-compress-0.2.1/bspline/BandedMatrix.h
./CubismApps/tools/CubismZ/CubismApps/tools/ISABELA-compress-0.2.1/bspline/BSpline.h
./CubismApps/tools/CubismZ/CubismApps/tools/ISABELA-compress-0.2.1/bspline/BSplineBase.h
./CubismApps/tools/CubismZ/CubismApps/tools/ISABELA-compress-0.2.1/include/error.h
./CubismApps/tools/CubismZ/CubismApps/tools/ISABELA-compress-0.2.1/include/isabela.h
./CubismApps/tools/CubismZ/CubismApps/tools/ISABELA-compress-0.2.1/include/compressor_zlib_routines.h
./CubismApps/tools/CubismZ/CubismApps/tools/ISABELA-compress-0.2.1/include/utils.h
./CubismApps/tools/CubismZ/CubismApps/tools/ISABELA-compress-0.2.1/include/bitstream.h
./CubismApps/tools/CubismZ/CubismApps/tools/ISABELA-compress-0.2.1/include/myisa.h
./CubismApps/tools/CubismZ/CubismApps/tools/ISABELA-compress-0.2.1/wavelets/wavelets.h
./CubismApps/tools/CubismZ/CubismApps/tools/ISABELA-compress-0.2.1/wavelets/haar.h
./CubismApps/tools/CubismZ/CubismApps/tools/reader/Reader_WaveletCompression0.h
./CubismApps/tools/CubismZ/CubismApps/tools/reader/Reader_WaveletCompression.h
./CubismApps/tools/CubismZ/CubismApps/tools/spdp/myspdp.h
./CubismApps/tools/CubismZ/CubismApps/tools/vpcachier/WaveletTexture3D.h
./CubismApps/tools/CubismZ/CubismApps/tools/ch2ch/Test_Statistics.h
./CubismApps/tools/CubismZ/CubismApps/tools/ch2ch/Test_Histograms.h
./CubismApps/tools/CubismZ/CubismApps/tools/ch2ch/Types_single.h
./CubismApps/tools/CubismZ/CubismApps/tools/ch2ch/Test_IO_Compressed.h
./CubismApps/tools/CubismZ/CubismApps/tools/ch2ch/Types.h
./CubismApps/tools/CubismZ/CubismApps/tools/ch2ch/Test_Bubbles.h
./CubismApps/tools/CubismZ/CubismApps/tools/zopfli/zopfli.h
./CubismApps/tools/CubismZ/CubismApps/tools/zopfli/myzopfli.h
./CubismApps/tools/CubismZ/CubismApps/tools/zopfli/src/zopfli/cache.h
./CubismApps/tools/CubismZ/CubismApps/tools/zopfli/src/zopfli/squeeze.h
./CubismApps/tools/CubismZ/CubismApps/tools/zopfli/src/zopfli/lz77.h
./CubismApps/tools/CubismZ/CubismApps/tools/zopfli/src/zopfli/util.h
./CubismApps/tools/CubismZ/CubismApps/tools/zopfli/src/zopfli/gzip_container.h
./CubismApps/tools/CubismZ/CubismApps/tools/zopfli/src/zopfli/deflate.h
./CubismApps/tools/CubismZ/CubismApps/tools/zopfli/src/zopfli/katajainen.h
./CubismApps/tools/CubismZ/CubismApps/tools/zopfli/src/zopfli/zopfli.h
./CubismApps/tools/CubismZ/CubismApps/tools/zopfli/src/zopfli/blocksplitter.h
./CubismApps/tools/CubismZ/CubismApps/tools/zopfli/src/zopfli/tree.h
./CubismApps/tools/CubismZ/CubismApps/tools/zopfli/src/zopfli/hash.h
./CubismApps/tools/CubismZ/CubismApps/tools/zopfli/src/zopfli/zlib_container.h
./CubismApps/tools/CubismZ/CubismApps/tools/zopfli/src/zopfli_lib/cache.h
./CubismApps/tools/CubismZ/CubismApps/tools/zopfli/src/zopfli_lib/squeeze.h
./CubismApps/tools/CubismZ/CubismApps/tools/zopfli/src/zopfli_lib/lz77.h
./CubismApps/tools/CubismZ/CubismApps/tools/zopfli/src/zopfli_lib/util.h
./CubismApps/tools/CubismZ/CubismApps/tools/zopfli/src/zopfli_lib/gzip_container.h
./CubismApps/tools/CubismZ/CubismApps/tools/zopfli/src/zopfli_lib/deflate.h
./CubismApps/tools/CubismZ/CubismApps/tools/zopfli/src/zopfli_lib/katajainen.h
./CubismApps/tools/CubismZ/CubismApps/tools/zopfli/src/zopfli_lib/zopfli.h
./CubismApps/tools/CubismZ/CubismApps/tools/zopfli/src/zopfli_lib/blocksplitter.h
./CubismApps/tools/CubismZ/CubismApps/tools/zopfli/src/zopfli_lib/tree.h
./CubismApps/tools/CubismZ/CubismApps/tools/zopfli/src/zopfli_lib/hash.h
./CubismApps/tools/CubismZ/CubismApps/tools/zopfli/src/zopfli_lib/zlib_container.h
./CubismApps/tools/CubismZ/CubismApps/tools/lz4/lz4.h
./CubismApps/tools/CubismZ/CubismApps/tools/vp2bin/ParIO.h
./CubismApps/tools/CubismZ/CubismApps/tools/vp2bin/tests/ParIO.h
./CubismApps/tools/CubismZ/CubismApps/tools/zfp-0.5.0/array/cache.h
./CubismApps/tools/CubismZ/CubismApps/tools/zfp-0.5.0/array/zfparray3.h
./CubismApps/tools/CubismZ/CubismApps/tools/zfp-0.5.0/array/zfpcodec.h
./CubismApps/tools/CubismZ/CubismApps/tools/zfp-0.5.0/array/memory.h
./CubismApps/tools/CubismZ/CubismApps/tools/zfp-0.5.0/array/zfparray1.h
./CubismApps/tools/CubismZ/CubismApps/tools/zfp-0.5.0/array/zfparray2.h
./CubismApps/tools/CubismZ/CubismApps/tools/zfp-0.5.0/array/zfpcodecf.h
./CubismApps/tools/CubismZ/CubismApps/tools/zfp-0.5.0/array/zfpcodecd.h
./CubismApps/tools/CubismZ/CubismApps/tools/zfp-0.5.0/array/zfparray.h
./CubismApps/tools/CubismZ/CubismApps/tools/zfp-0.5.0/examples/fields.h
./CubismApps/tools/CubismZ/CubismApps/tools/zfp-0.5.0/examples/array2d.h
./CubismApps/tools/CubismZ/CubismApps/tools/zfp-0.5.0/inc/system.h
./CubismApps/tools/CubismZ/CubismApps/tools/zfp-0.5.0/inc/macros.h
./CubismApps/tools/CubismZ/CubismApps/tools/zfp-0.5.0/inc/myzfp.h
./CubismApps/tools/CubismZ/CubismApps/tools/zfp-0.5.0/inc/types.h
./CubismApps/tools/CubismZ/CubismApps/tools/zfp-0.5.0/inc/bitstream.h
./CubismApps/tools/CubismZ/CubismApps/tools/zfp-0.5.0/inc/zfp.h
./CubismApps/tools/CubismZ/CubismApps/tools/zfp-0.5.0/src/template/codec.h
./CubismApps/tools/CubismZ/CubismApps/tools/zfp-0.5.0/src/template/template.h
./CubismApps/tools/CubismZ/CubismApps/tools/zfp-0.5.0/src/block3.h
./CubismApps/tools/CubismZ/CubismApps/tools/zfp-0.5.0/src/traitsf.h
./CubismApps/tools/CubismZ/CubismApps/tools/zfp-0.5.0/src/traitsd.h
./CubismApps/tools/CubismZ/CubismApps/tools/zfp-0.5.0/src/block2.h
./CubismApps/tools/CubismZ/CubismApps/tools/zfp-0.5.0/src/inline/inline.h
./CubismApps/tools/CubismZ/CubismApps/tools/zfp-0.5.0/src/block1.h
./CubismApps/tools/CubismZ/CubismApps/tools/DRain/include/shuf.h
./CubismApps/tools/CubismZ/CubismApps/tools/DRain/include/drain.h
./CubismApps/tools/CubismZ/CubismApps/tools/DRain/include/iw4-gen2.h
./CubismApps/tools/CubismZ/CubismApps/tools/fpzip-1.1.0/inc/rcqsmodel.h
./CubismApps/tools/CubismZ/CubismApps/tools/fpzip-1.1.0/inc/rcencoder.h
./CubismApps/tools/CubismZ/CubismApps/tools/fpzip-1.1.0/inc/fpzip.h
./CubismApps/tools/CubismZ/CubismApps/tools/fpzip-1.1.0/inc/rcdecoder.h
./CubismApps/tools/CubismZ/CubismApps/tools/fpzip-1.1.0/inc/read.h
./CubismApps/tools/CubismZ/CubismApps/tools/fpzip-1.1.0/inc/fpe.h
./CubismApps/tools/CubismZ/CubismApps/tools/fpzip-1.1.0/inc/codec.h
./CubismApps/tools/CubismZ/CubismApps/tools/fpzip-1.1.0/inc/pccodec.h
./CubismApps/tools/CubismZ/CubismApps/tools/fpzip-1.1.0/inc/rcmodel.h
./CubismApps/tools/CubismZ/CubismApps/tools/fpzip-1.1.0/inc/write.h
./CubismApps/tools/CubismZ/CubismApps/tools/fpzip-1.1.0/inc/myfpzip.h
./CubismApps/tools/CubismZ/CubismApps/tools/fpzip-1.1.0/inc/pcmap.h
./CubismApps/tools/CubismZ/CubismApps/tools/fpzip-1.1.0/inc/front.h
./CubismApps/tools/CubismZ/CubismApps/tools/fpzip-1.1.0/inc/pcencoder.h
./CubismApps/tools/CubismZ/CubismApps/tools/fpzip-1.1.0/inc/pcdecoder.h
./CubismApps/tools/CubismZ/CubismApps/Compressor/source/WaveletSerializationTypes.h
./CubismApps/tools/CubismZ/CubismApps/Compressor/source/WaveletsOnInterval.h
./CubismApps/tools/CubismZ/CubismApps/Compressor/source/WaveletsOnInterval3.h
./CubismApps/tools/CubismZ/CubismApps/Compressor/source/FullWaveletTransform.h
./CubismApps/tools/CubismZ/CubismApps/Compressor/source/CompressionEncoders0.h
./CubismApps/tools/CubismZ/CubismApps/Compressor/source/WaveletCompressor.h
./CubismApps/tools/CubismZ/CubismApps/Compressor/source/SerializerIO_WaveletCompression_MPI_Simple.h
./CubismApps/tools/CubismZ/CubismApps/Compressor/source/CompressionEncoders.h
./CubismApps/tools/CubismZ/CubismApps/Compressor/source/WaveletsOnIntervalQPX.h
./CubismApps/tools/CubismZ/CubismApps/Compressor/source/QPXEMU.h
./CubismApps/tools/CubismZ/CubismApps/MPCFnode/source/WaveletSerializationTypes.h
./CubismApps/tools/CubismZ/CubismApps/MPCFnode/source/WaveletsOnInterval.h
./CubismApps/tools/CubismZ/CubismApps/MPCFnode/source/WaveletsOnInterval3.h
./CubismApps/tools/CubismZ/CubismApps/MPCFnode/source/FullWaveletTransform.h
./CubismApps/tools/CubismZ/CubismApps/MPCFnode/source/CompressionEncoders0.h
./CubismApps/tools/CubismZ/CubismApps/MPCFnode/source/WaveletCompressor.h
./CubismApps/tools/CubismZ/CubismApps/MPCFnode/source/SerializerIO_WaveletCompression_MPI_Simple.h
./CubismApps/tools/CubismZ/CubismApps/MPCFnode/source/CompressionEncoders.h
./CubismApps/tools/CubismZ/CubismApps/MPCFnode/source/WaveletsOnIntervalQPX.h
./CubismApps/tools/CubismZ/CubismApps/MPCFnode/source/QPXEMU.h
./CubismApps/MPCFnode/source/OutputProcessing.h
./CubismApps/MPCFnode/source/Test_SICCloud.h
./CubismApps/MPCFnode/source/WaveletsOnInterval.h
./CubismApps/MPCFnode/source/BlockProcessor_OMP.h
./CubismApps/MPCFnode/source/Tests.h
./CubismApps/MPCFnode/source/VectorOperator.h
./CubismApps/MPCFnode/source/FullWaveletTransform.h
./CubismApps/MPCFnode/source/Test_Advection.h
./CubismApps/MPCFnode/source/Test_SteadyState.h
./CubismApps/MPCFnode/source/Test_Cloud.h
./CubismApps/MPCFnode/source/BoundaryConditions.h
./CubismApps/MPCFnode/source/TestLabs.h
./CubismApps/MPCFnode/source/WaveletCompressor.h
./CubismApps/MPCFnode/source/Test_CloudAcoustic.h
./CubismApps/MPCFnode/source/FlowStep_LSRK3.h
./CubismApps/MPCFnode/source/VectorCalculus.h
./CubismApps/MPCFnode/source/BC.h
./CubismApps/MPCFnode/source/Types.h
./CubismApps/MPCFnode/source/BoundaryGhostCells.h
./CubismApps/MPCFnode/source/Test_ChannelFlow.h
./CubismApps/MPCFnode/source/WaveletsOnIntervalQPX.h
./CubismApps/MPCFnode/source/Streamer.h
./CubismApps/MPCFnode/source/GridTypes.h
./CubismApps/MPCFnode/source/Shapes.h
./CubismApps/MPCFnode/source/NonUniform.h
